Archive member included to satisfy reference by file (symbol)

c:/program files (x86)/atmel/studio/7.0/toolchain/arm/arm-gnu-toolchain/bin/../lib/gcc/arm-none-eabi/6.3.1/../../../../arm-none-eabi/lib/thumb/v6-m\libm.a(lib_a-w_acos.o)
                              src/wcm_mc3416.o (acos)
c:/program files (x86)/atmel/studio/7.0/toolchain/arm/arm-gnu-toolchain/bin/../lib/gcc/arm-none-eabi/6.3.1/../../../../arm-none-eabi/lib/thumb/v6-m\libm.a(lib_a-w_sqrt.o)
                              src/wcm_mc3416.o (sqrt)
c:/program files (x86)/atmel/studio/7.0/toolchain/arm/arm-gnu-toolchain/bin/../lib/gcc/arm-none-eabi/6.3.1/../../../../arm-none-eabi/lib/thumb/v6-m\libm.a(lib_a-e_acos.o)
                              c:/program files (x86)/atmel/studio/7.0/toolchain/arm/arm-gnu-toolchain/bin/../lib/gcc/arm-none-eabi/6.3.1/../../../../arm-none-eabi/lib/thumb/v6-m\libm.a(lib_a-w_acos.o) (__ieee754_acos)
c:/program files (x86)/atmel/studio/7.0/toolchain/arm/arm-gnu-toolchain/bin/../lib/gcc/arm-none-eabi/6.3.1/../../../../arm-none-eabi/lib/thumb/v6-m\libm.a(lib_a-e_sqrt.o)
                              c:/program files (x86)/atmel/studio/7.0/toolchain/arm/arm-gnu-toolchain/bin/../lib/gcc/arm-none-eabi/6.3.1/../../../../arm-none-eabi/lib/thumb/v6-m\libm.a(lib_a-w_sqrt.o) (__ieee754_sqrt)
c:/program files (x86)/atmel/studio/7.0/toolchain/arm/arm-gnu-toolchain/bin/../lib/gcc/arm-none-eabi/6.3.1/../../../../arm-none-eabi/lib/thumb/v6-m\libm.a(lib_a-s_fabs.o)
                              c:/program files (x86)/atmel/studio/7.0/toolchain/arm/arm-gnu-toolchain/bin/../lib/gcc/arm-none-eabi/6.3.1/../../../../arm-none-eabi/lib/thumb/v6-m\libm.a(lib_a-w_acos.o) (fabs)
c:/program files (x86)/atmel/studio/7.0/toolchain/arm/arm-gnu-toolchain/bin/../lib/gcc/arm-none-eabi/6.3.1/../../../../arm-none-eabi/lib/thumb/v6-m\libm.a(lib_a-s_lib_ver.o)
                              c:/program files (x86)/atmel/studio/7.0/toolchain/arm/arm-gnu-toolchain/bin/../lib/gcc/arm-none-eabi/6.3.1/../../../../arm-none-eabi/lib/thumb/v6-m\libm.a(lib_a-w_acos.o) (__fdlib_version)
c:/program files (x86)/atmel/studio/7.0/toolchain/arm/arm-gnu-toolchain/bin/../lib/gcc/arm-none-eabi/6.3.1/../../../../arm-none-eabi/lib/thumb/v6-m\libm.a(lib_a-s_matherr.o)
                              c:/program files (x86)/atmel/studio/7.0/toolchain/arm/arm-gnu-toolchain/bin/../lib/gcc/arm-none-eabi/6.3.1/../../../../arm-none-eabi/lib/thumb/v6-m\libm.a(lib_a-w_acos.o) (matherr)
c:/program files (x86)/atmel/studio/7.0/toolchain/arm/arm-gnu-toolchain/bin/../lib/gcc/arm-none-eabi/6.3.1/../../../../arm-none-eabi/lib/thumb/v6-m\libm.a(lib_a-s_nan.o)
                              c:/program files (x86)/atmel/studio/7.0/toolchain/arm/arm-gnu-toolchain/bin/../lib/gcc/arm-none-eabi/6.3.1/../../../../arm-none-eabi/lib/thumb/v6-m\libm.a(lib_a-w_acos.o) (nan)
c:/program files (x86)/atmel/studio/7.0/toolchain/arm/arm-gnu-toolchain/bin/../lib/gcc/arm-none-eabi/6.3.1/thumb/v6-m\libgcc.a(_thumb1_case_uqi.o)
                              src/ASF/sam0/drivers/tc/tc_sam_l_c/tc.o (__gnu_thumb1_case_uqi)
c:/program files (x86)/atmel/studio/7.0/toolchain/arm/arm-gnu-toolchain/bin/../lib/gcc/arm-none-eabi/6.3.1/thumb/v6-m\libgcc.a(_udivsi3.o)
                              src/ASF/sam0/drivers/sercom/i2c/i2c_sam0/i2c_master.o (__aeabi_uidiv)
c:/program files (x86)/atmel/studio/7.0/toolchain/arm/arm-gnu-toolchain/bin/../lib/gcc/arm-none-eabi/6.3.1/thumb/v6-m\libgcc.a(_dvmd_tls.o)
                              c:/program files (x86)/atmel/studio/7.0/toolchain/arm/arm-gnu-toolchain/bin/../lib/gcc/arm-none-eabi/6.3.1/thumb/v6-m\libgcc.a(_udivsi3.o) (__aeabi_idiv0)
c:/program files (x86)/atmel/studio/7.0/toolchain/arm/arm-gnu-toolchain/bin/../lib/gcc/arm-none-eabi/6.3.1/thumb/v6-m\libgcc.a(_ashldi3.o)
                              src/ASF/sam0/drivers/sercom/sercom.o (__aeabi_llsl)
c:/program files (x86)/atmel/studio/7.0/toolchain/arm/arm-gnu-toolchain/bin/../lib/gcc/arm-none-eabi/6.3.1/thumb/v6-m\libgcc.a(_arm_cmpdf2.o)
                              src/wcm_ms5637.o (__aeabi_dcmplt)
c:/program files (x86)/atmel/studio/7.0/toolchain/arm/arm-gnu-toolchain/bin/../lib/gcc/arm-none-eabi/6.3.1/thumb/v6-m\libgcc.a(_muldi3.o)
                              src/ASF/sam0/drivers/sercom/sercom.o (__aeabi_lmul)
c:/program files (x86)/atmel/studio/7.0/toolchain/arm/arm-gnu-toolchain/bin/../lib/gcc/arm-none-eabi/6.3.1/thumb/v6-m\libgcc.a(floatunsisf.o)
                              src/wcm_adc.o (__aeabi_ui2f)
c:/program files (x86)/atmel/studio/7.0/toolchain/arm/arm-gnu-toolchain/bin/../lib/gcc/arm-none-eabi/6.3.1/thumb/v6-m\libgcc.a(adddf3.o)
                              src/wcm_mc3416.o (__aeabi_dadd)
c:/program files (x86)/atmel/studio/7.0/toolchain/arm/arm-gnu-toolchain/bin/../lib/gcc/arm-none-eabi/6.3.1/thumb/v6-m\libgcc.a(divdf3.o)
                              src/wcm_adc.o (__aeabi_ddiv)
[...]
Memory Configuration

Name             Origin             Length             Attributes
rom              0x00000000         0x00020000         xr
ram              0x20000000         0x00004000         xrw
lpram            0x30000000         0x00002000         xrw
*default*        0x00000000         0xffffffff

Linker script and memory map

LOAD c:/program files (x86)/atmel/studio/7.0/toolchain/arm/arm-gnu-toolchain/bin/../lib/gcc/arm-none-eabi/6.3.1/thumb/v6-m/crti.o
LOAD c:/program files (x86)/atmel/studio/7.0/toolchain/arm/arm-gnu-toolchain/bin/../lib/gcc/arm-none-eabi/6.3.1/thumb/v6-m/crtbegin.o
LOAD c:/program files (x86)/atmel/studio/7.0/toolchain/arm/arm-gnu-toolchain/bin/../lib/gcc/arm-none-eabi/6.3.1/../../../../arm-none-eabi/lib/thumb/v6-m/crt0.o
LOAD src/wcm.o
LOAD src/wcm_adc.o
LOAD src/wcm_clocks.o
LOAD src/wcm_eeprom.o
LOAD src/wcm_gpio.o
LOAD src/wcm_i2c.o
LOAD src/wcm_mc3416.o
LOAD src/wcm_ms5637.o
LOAD src/wcm_power.o
LOAD src/wcm_spi.o
LOAD src/wcm_usart.o
LOAD src/ASF/sam0/drivers/adc/adc_sam_l_c/adc.o
LOAD src/ASF/sam0/drivers/extint/extint_sam_l_c/extint.o
LOAD src/ASF/sam0/drivers/sercom/i2c/i2c_sam0/i2c_master.o
LOAD src/ASF/sam0/drivers/tc/tc_sam_l_c/tc.o
LOAD src/main.o
LOAD src/ASF/sam0/drivers/tc/tc_interrupt.o
LOAD src/ASF/sam0/drivers/sercom/usart/usart.o
LOAD src/ASF/sam0/drivers/sercom/spi/spi.o
LOAD src/ASF/sam0/drivers/sercom/spi/spi_interrupt.o
LOAD src/ASF/sam0/drivers/sercom/sercom.o
LOAD src/ASF/sam0/drivers/sercom/sercom_interrupt.o
LOAD src/ASF/sam0/drivers/extint/extint_callback.o
LOAD src/ASF/common2/services/delay/sam0/systick_counter.o
LOAD src/ASF/sam0/drivers/nvm/nvm.o
LOAD src/ASF/sam0/drivers/port/port.o
LOAD src/ASF/sam0/services/eeprom/emulator/main_array/eeprom.o
LOAD src/ASF/sam0/services/eeprom/emulator/rwwee_array/rww_eeprom.o
LOAD src/ASF/common2/boards/user_board/init.o
LOAD src/ASF/common/utils/interrupt/interrupt_sam_nvic.o
LOAD src/ASF/sam0/drivers/system/clock/clock_saml21/clock.o
LOAD src/ASF/sam0/drivers/system/clock/clock_saml21/gclk.o
LOAD src/ASF/sam0/drivers/system/interrupt/system_interrupt.o
LOAD src/ASF/sam0/drivers/system/pinmux/pinmux.o
LOAD src/ASF/sam0/drivers/system/system.o
LOAD src/ASF/sam0/utils/cmsis/saml21/source/gcc/startup_saml21.o
LOAD src/ASF/sam0/utils/cmsis/saml21/source/system_saml21.o
LOAD src/ASF/sam0/utils/syscalls/gcc/syscalls.o
START GROUP
LOAD ../src/ASF/thirdparty/CMSIS/Lib/GCC\libarm_cortexM0l_math.a
LOAD c:/program files (x86)/atmel/studio/7.0/toolchain/arm/arm-gnu-toolchain/bin/../lib/gcc/arm-none-eabi/6.3.1/../../../../arm-none-eabi/lib/thumb/v6-m\libm.a
END GROUP
START GROUP
LOAD c:/program files (x86)/atmel/studio/7.0/toolchain/arm/arm-gnu-toolchain/bin/../lib/gcc/arm-none-eabi/6.3.1/thumb/v6-m\libgcc.a
LOAD c:/program files (x86)/atmel/studio/7.0/toolchain/arm/arm-gnu-toolchain/bin/../lib/gcc/arm-none-eabi/6.3.1/../../../../arm-none-eabi/lib/thumb/v6-m\libc.a
END GROUP
LOAD c:/program files (x86)/atmel/studio/7.0/toolchain/arm/arm-gnu-toolchain/bin/../lib/gcc/arm-none-eabi/6.3.1/thumb/v6-m/crtend.o
LOAD c:/program files (x86)/atmel/studio/7.0/toolchain/arm/arm-gnu-toolchain/bin/../lib/gcc/arm-none-eabi/6.3.1/thumb/v6-m/crtn.o
                0x00001000                STACK_SIZE = DEFINED (STACK_SIZE)?STACK_SIZE:DEFINED (__stack_size__)?__stack_size__:0x1000

.text           0x00000000     0xd834
                0x00000000                . = ALIGN (0x4)
                0x00000000                _sfixed = .
 *(.vectors .vectors.*)
 .vectors       0x00000000       0xb4 src/ASF/sam0/utils/cmsis/saml21/source/gcc/startup_saml21.o
                0x00000000                exception_table
 *(.text .text.* .gnu.linkonce.t.*)
 .text          0x000000b4       0x60 c:/program files (x86)/atmel/studio/7.0/toolchain/arm/arm-gnu-toolchain/bin/../lib/gcc/arm-none-eabi/6.3.1/thumb/v6-m/crtbegin.o
 .text.tc_callback_to_read_mc3416
                0x00000114       0x24 src/wcm.o
                0x00000114                tc_callback_to_read_mc3416
 .text.initInternalHW
                0x00000138       0x50 src/wcm.o
 .text.read_mc3416
                0x00000188       0x34 src/wcm.o
                0x00000188                read_mc3416
 .text.wcm_init
                0x000001bc       0x64 src/wcm.o
                0x000001bc                wcm_init
 .text.wcm_run  0x00000220      0xc08 src/wcm.o
                0x00000220                wcm_run
 .text.adc_enable
                0x00000e28       0x22 src/wcm_adc.o
 .text.adc_disable
                0x00000e4a       0x22 src/wcm_adc.o
 .text.adc_start_conversion
                0x00000e6c       0x1a src/wcm_adc.o
 .text.adc_get_status.isra.1
                0x00000e86       0x1a src/wcm_adc.o
 .text.wcm_adc_configure
                0x00000ea0       0x5c src/wcm_adc.o
                0x00000ea0                wcm_adc_configure
 .text.wcm_bat_adc_configure
                0x00000efc       0x64 src/wcm_adc.o
                0x00000efc                wcm_bat_adc_configure
 .text.wcm_adc_read
                0x00000f60       0x84 src/wcm_adc.o
                0x00000f60                wcm_adc_read
 .text.wcm_bat_adc_read
                0x00000fe4       0x84 src/wcm_adc.o
                0x00000fe4                wcm_bat_adc_read
 .text.wcm_clocks_configure
                0x00001068       0x78 src/wcm_clocks.o
                0x00001068                wcm_clocks_configure
 .text.eeprom_read_settings
                0x000010e0       0x58 src/wcm_eeprom.o
                0x000010e0                eeprom_read_settings
 .text.eeprom_write_settings
                0x00001138       0x54 src/wcm_eeprom.o
                0x00001138                eeprom_write_settings
 .text.eeprom_configure
                0x0000118c       0x98 src/wcm_eeprom.o
                0x0000118c                eeprom_configure
 .text.wcm_gpio_configure
                0x00001224       0x7c src/wcm_gpio.o
                0x00001224                wcm_gpio_configure
 .text.wcm_gpio_spi_slave_select_get
                0x000012a0       0x24 src/wcm_gpio.o
                0x000012a0                wcm_gpio_spi_slave_select_get
 .text.wcm_gpio_3v3va_get
                0x000012c4       0x10 src/wcm_gpio.o
                0x000012c4                wcm_gpio_3v3va_get
 .text.wcm_gpio_3v3va_off
                0x000012d4       0x10 src/wcm_gpio.o
                0x000012d4                wcm_gpio_3v3va_off
 .text.wcm_gpio_3v3va_on
                0x000012e4       0x1c src/wcm_gpio.o
                0x000012e4                wcm_gpio_3v3va_on
 .text.wcm_gpio_gps_pwr_en_get
                0x00001300       0x10 src/wcm_gpio.o
                0x00001300                wcm_gpio_gps_pwr_en_get
 .text.wcm_gpio_gps_pwr_en_off
                0x00001310        0xc src/wcm_gpio.o
                0x00001310                wcm_gpio_gps_pwr_en_off
 .text.wcm_gpio_gps_pwr_en_on
                0x0000131c        0xc src/wcm_gpio.o
                0x0000131c                wcm_gpio_gps_pwr_en_on
 .text.wcm_gpio_com_sw_a_get
                0x00001328       0x10 src/wcm_gpio.o
                0x00001328                wcm_gpio_com_sw_a_get
 .text.wcm_gpio_com_sw_a_off
                0x00001338        0xc src/wcm_gpio.o
                0x00001338                wcm_gpio_com_sw_a_off
 .text.wcm_gpio_com_sw_a_on
                0x00001344        0xc src/wcm_gpio.o
                0x00001344                wcm_gpio_com_sw_a_on
 .text.wcm_gpio_sat_pwr_en_get
                0x00001350       0x10 src/wcm_gpio.o
                0x00001350                wcm_gpio_sat_pwr_en_get
 .text.wcm_gpio_sat_pwr_en_off
                0x00001360        0xc src/wcm_gpio.o
                0x00001360                wcm_gpio_sat_pwr_en_off
 .text.wcm_gpio_sat_pwr_en_on
                0x0000136c        0xc src/wcm_gpio.o
                0x0000136c                wcm_gpio_sat_pwr_en_on
 .text.wcm_gpio_cell_pwr_en_get
                0x00001378       0x10 src/wcm_gpio.o
                0x00001378                wcm_gpio_cell_pwr_en_get
 .text.wcm_gpio_cell_pwr_en_off
                0x00001388       0x10 src/wcm_gpio.o
                0x00001388                wcm_gpio_cell_pwr_en_off
 .text.wcm_gpio_cell_pwr_en_on
                0x00001398       0x10 src/wcm_gpio.o
                0x00001398                wcm_gpio_cell_pwr_en_on
 .text.wcm_gpio_wf_pwr_en_get
                0x000013a8       0x10 src/wcm_gpio.o
                0x000013a8                wcm_gpio_wf_pwr_en_get
 .text.wcm_gpio_wf_pwr_en_off
                0x000013b8       0x10 src/wcm_gpio.o
                0x000013b8                wcm_gpio_wf_pwr_en_off
 .text.wcm_gpio_wf_pwr_en_on
                0x000013c8       0x10 src/wcm_gpio.o
                0x000013c8                wcm_gpio_wf_pwr_en_on
 .text.wcm_lgt_get
                0x000013d8       0x10 src/wcm_gpio.o
                0x000013d8                wcm_lgt_get
 .text.wcm_lgt_off
                0x000013e8       0x10 src/wcm_gpio.o
                0x000013e8                wcm_lgt_off
 .text.wcm_lgt_on
                0x000013f8       0x10 src/wcm_gpio.o
                0x000013f8                wcm_lgt_on
 .text.wcm_i2c_configure
                0x00001408       0xa0 src/wcm_i2c.o
                0x00001408                wcm_i2c_configure
 .text.wcm_i2c_read_response_packet
                0x000014a8       0x70 src/wcm_i2c.o
                0x000014a8                wcm_i2c_read_response_packet
 .text.wcm_i2c_write_command_packet
                0x00001518       0x54 src/wcm_i2c.o
                0x00001518                wcm_i2c_write_command_packet
 .text.wcm_i2c_write_command_read_response
                0x0000156c       0x5c src/wcm_i2c.o
                0x0000156c                wcm_i2c_write_command_read_response
 .text.wcm_i2c_command_read_reg
                0x000015c8       0x70 src/wcm_i2c.o
                0x000015c8                wcm_i2c_command_read_reg
 .text.wcm_i2c_command_write_reg
                0x00001638       0x4c src/wcm_i2c.o
                0x00001638                wcm_i2c_command_write_reg
 .text.mc3416_set_mode
                0x00001684       0x4c src/wcm_mc3416.o
                0x00001684                mc3416_set_mode
 .text.mc3416_check_mode
                0x000016d0       0x4c src/wcm_mc3416.o
                0x000016d0                mc3416_check_mode
 .text.mc3416_set_sampling_rate
                0x0000171c       0x58 src/wcm_mc3416.o
                0x0000171c                mc3416_set_sampling_rate
 .text.mc3416_set_range_resolution
                0x00001774       0x60 src/wcm_mc3416.o
                0x00001774                mc3416_set_range_resolution
 .text.mc3416_validate_chip
                0x000017d4       0x84 src/wcm_mc3416.o
                0x000017d4                mc3416_validate_chip
 .text.mc3416_read_axis
                0x00001858       0xe0 src/wcm_mc3416.o
                0x00001858                mc3416_read_axis
 .text.mc3416_flash_read_offset
                0x00001938       0x20 src/wcm_mc3416.o
                0x00001938                mc3416_flash_read_offset
 .text.wcm_mc3416_init
                0x00001958       0x94 src/wcm_mc3416.o
                0x00001958                wcm_mc3416_init
 .text.wcm_mc3416_read_tilt
                0x000019ec      0x1a0 src/wcm_mc3416.o
                0x000019ec                wcm_mc3416_read_tilt
 .text.wcm_mc3416_calibrate
                0x00001b8c       0x94 src/wcm_mc3416.o
                0x00001b8c                wcm_mc3416_calibrate
 .text.wcm_mc3416_zero_offsets
                0x00001c20       0x30 src/wcm_mc3416.o
                0x00001c20                wcm_mc3416_zero_offsets
 .text.ms5637_adc_read
                0x00001c50       0x3c src/wcm_ms5637.o
 .text.wcm_ms5637_init
                0x00001c8c       0xb0 src/wcm_ms5637.o
                0x00001c8c                wcm_ms5637_init
 .text.wcm_ms5637_read
                0x00001d3c      0x30c src/wcm_ms5637.o
                0x00001d3c                wcm_ms5637_read
 .text.wcm_power_normal_power_mode
                0x00002048       0x30 src/wcm_power.o
                0x00002048                wcm_power_normal_power_mode
 .text.spi_slave_callback
                0x00002078        0xc src/wcm_spi.o
 .text.spi_disable.constprop.0
                0x00002084       0x3c src/wcm_spi.o
 .text.wcm_spi_configure
                0x000020c0       0xf0 src/wcm_spi.o
                0x000020c0                wcm_spi_configure
 .text.wcm_spi_start_read
                0x000021b0       0x24 src/wcm_spi.o
                0x000021b0                wcm_spi_start_read
 .text.wcm_spi_transfer_complete
                0x000021d4        0xc src/wcm_spi.o
                0x000021d4                wcm_spi_transfer_complete
 .text.usart_get_config_defaults
                0x000021e0       0x56 src/wcm_usart.o
 .text.usart_enable
                0x00002236       0x12 src/wcm_usart.o
 .text.usart_disable
                0x00002248       0x12 src/wcm_usart.o
 *fill*         0x0000225a        0x2 
 .text.wcm_usart_check_for_pc_command
                0x0000225c       0x14 src/wcm_usart.o
                0x0000225c                wcm_usart_check_for_pc_command
 .text.wcm_usart_check_for_gps_data
                0x00002270       0x14 src/wcm_usart.o
                0x00002270                wcm_usart_check_for_gps_data
 .text.wcm_usart_check_for_com_data
                0x00002284       0x14 src/wcm_usart.o
                0x00002284                wcm_usart_check_for_com_data
 .text.wcm_usart_send_pc_message
                0x00002298       0x20 src/wcm_usart.o
                0x00002298                wcm_usart_send_pc_message
 .text.pc_usart_configure
                0x000022b8       0x9c src/wcm_usart.o
 .text.gps_usart_configure
                0x00002354       0x98 src/wcm_usart.o
 .text.com_usart_configure
                0x000023ec       0x98 src/wcm_usart.o
 .text.wcm_usart_configure
                0x00002484       0x24 src/wcm_usart.o
                0x00002484                wcm_usart_configure
 .text.wcm_usart_send_gps_command
                0x000024a8       0x20 src/wcm_usart.o
                0x000024a8                wcm_usart_send_gps_command
 .text.wcm_usart_get_pc_command
                0x000024c8       0xb0 src/wcm_usart.o
                0x000024c8                wcm_usart_get_pc_command
 .text.wcm_usart_get_gps_data
                0x00002578       0xb0 src/wcm_usart.o
                0x00002578                wcm_usart_get_gps_data
 .text.wcm_usart_get_com_data
                0x00002628       0xb0 src/wcm_usart.o
                0x00002628                wcm_usart_get_com_data
 .text._adc_configure_ain_pin.isra.1
                0x000026d8       0x40 src/ASF/sam0/drivers/adc/adc_sam_l_c/adc.o
 .text.adc_get_config_defaults
                0x00002718       0x40 src/ASF/sam0/drivers/adc/adc_sam_l_c/adc.o
                0x00002718                adc_get_config_defaults
 .text.adc_init
                0x00002758      0x2a8 src/ASF/sam0/drivers/adc/adc_sam_l_c/adc.o
                0x00002758                adc_init
 .text.extint_is_syncing
                0x00002a00       0x18 src/ASF/sam0/drivers/extint/extint_sam_l_c/extint.o
 .text._extint_enable
                0x00002a18       0x20 src/ASF/sam0/drivers/extint/extint_sam_l_c/extint.o
 .text._system_extint_init
                0x00002a38       0x74 src/ASF/sam0/drivers/extint/extint_sam_l_c/extint.o
                0x00002a38                _system_extint_init
 .text._i2c_master_wait_for_sync
                0x00002aac        0xc src/ASF/sam0/drivers/sercom/i2c/i2c_sam0/i2c_master.o
 .text.i2c_master_init
                0x00002ab8      0x2bc src/ASF/sam0/drivers/sercom/i2c/i2c_sam0/i2c_master.o
                0x00002ab8                i2c_master_init
 .text._i2c_master_address_response
                0x00002d74       0x2c src/ASF/sam0/drivers/sercom/i2c/i2c_sam0/i2c_master.o
                0x00002d74                _i2c_master_address_response
 .text._i2c_master_wait_for_bus
                0x00002da0       0x28 src/ASF/sam0/drivers/sercom/i2c/i2c_sam0/i2c_master.o
                0x00002da0                _i2c_master_wait_for_bus
 .text._i2c_master_send_hs_master_code
                0x00002dc8       0x20 src/ASF/sam0/drivers/sercom/i2c/i2c_sam0/i2c_master.o
                0x00002dc8                _i2c_master_send_hs_master_code
 .text._i2c_master_read_packet
                0x00002de8      0x154 src/ASF/sam0/drivers/sercom/i2c/i2c_sam0/i2c_master.o
 .text._i2c_master_write_packet
                0x00002f3c       0xc8 src/ASF/sam0/drivers/sercom/i2c/i2c_sam0/i2c_master.o
 .text.i2c_master_read_packet_wait
                0x00003004       0x14 src/ASF/sam0/drivers/sercom/i2c/i2c_sam0/i2c_master.o
                0x00003004                i2c_master_read_packet_wait
 .text.i2c_master_write_packet_wait
                0x00003018       0x14 src/ASF/sam0/drivers/sercom/i2c/i2c_sam0/i2c_master.o
                0x00003018                i2c_master_write_packet_wait
 .text.i2c_master_write_packet_wait_no_stop
                0x0000302c       0x14 src/ASF/sam0/drivers/sercom/i2c/i2c_sam0/i2c_master.o
                0x0000302c                i2c_master_write_packet_wait_no_stop
 .text.system_apb_clock_set_mask
                0x00003040       0x44 src/ASF/sam0/drivers/tc/tc_sam_l_c/tc.o
 .text._tc_get_inst_index
                0x00003084       0x38 src/ASF/sam0/drivers/tc/tc_sam_l_c/tc.o
                0x00003084                _tc_get_inst_index
 .text.tc_init  0x000030bc      0x268 src/ASF/sam0/drivers/tc/tc_sam_l_c/tc.o
                0x000030bc                tc_init
 .text.tc_set_count_value
                0x00003324       0x2c src/ASF/sam0/drivers/tc/tc_sam_l_c/tc.o
                0x00003324                tc_set_count_value
 .text.startup.main
                0x00003350       0x20 src/main.o
                0x00003350                main
 .text.tc_register_callback
                0x00003370       0x26 src/ASF/sam0/drivers/tc/tc_interrupt.o
                0x00003370                tc_register_callback
 *fill*         0x00003396        0x2 
 .text._tc_interrupt_handler
                0x00003398       0x5c src/ASF/sam0/drivers/tc/tc_interrupt.o
                0x00003398                _tc_interrupt_handler
 .text.TC0_Handler
                0x000033f4       0x10 src/ASF/sam0/drivers/tc/tc_interrupt.o
                0x000033f4                TC0_Handler
 .text.TC1_Handler
                0x00003404       0x10 src/ASF/sam0/drivers/tc/tc_interrupt.o
                0x00003404                TC1_Handler
 .text.TC4_Handler
                0x00003414       0x10 src/ASF/sam0/drivers/tc/tc_interrupt.o
                0x00003414                TC4_Handler
 .text.usart_init
                0x00003424      0x298 src/ASF/sam0/drivers/sercom/usart/usart.o
                0x00003424                usart_init
 .text.usart_write_wait
                0x000036bc       0x22 src/ASF/sam0/drivers/sercom/usart/usart.o
                0x000036bc                usart_write_wait
 .text.usart_read_wait
                0x000036de       0x62 src/ASF/sam0/drivers/sercom/usart/usart.o
                0x000036de                usart_read_wait
 .text.usart_write_buffer_wait
                0x00003740       0x7c src/ASF/sam0/drivers/sercom/usart/usart.o
                0x00003740                usart_write_buffer_wait
 .text.spi_init
                0x000037bc      0x214 src/ASF/sam0/drivers/sercom/spi/spi.o
                0x000037bc                spi_init
 .text.spi_register_callback
                0x000039d0       0x18 src/ASF/sam0/drivers/sercom/spi/spi_interrupt.o
                0x000039d0                spi_register_callback
 .text.spi_transceive_buffer_job
                0x000039e8       0x3e src/ASF/sam0/drivers/sercom/spi/spi_interrupt.o
                0x000039e8                spi_transceive_buffer_job
 *fill*         0x00003a26        0x2 
 .text._spi_interrupt_handler
                0x00003a28      0x1fc src/ASF/sam0/drivers/sercom/spi/spi_interrupt.o
                0x00003a28                _spi_interrupt_handler
 .text.long_division
                0x00003c24       0x6c src/ASF/sam0/drivers/sercom/sercom.o
 .text._sercom_get_sync_baud_val
                0x00003c90       0x28 src/ASF/sam0/drivers/sercom/sercom.o
                0x00003c90                _sercom_get_sync_baud_val
 .text._sercom_get_async_baud_val
                0x00003cb8       0x98 src/ASF/sam0/drivers/sercom/sercom.o
                0x00003cb8                _sercom_get_async_baud_val
 .text.sercom_set_gclk_generator
                0x00003d50       0x44 src/ASF/sam0/drivers/sercom/sercom.o
                0x00003d50                sercom_set_gclk_generator
 .text._sercom_get_default_pad
                0x00003d94      0x144 src/ASF/sam0/drivers/sercom/sercom.o
                0x00003d94                _sercom_get_default_pad
 .text._sercom_get_sercom_inst_index
                0x00003ed8       0x30 src/ASF/sam0/drivers/sercom/sercom.o
                0x00003ed8                _sercom_get_sercom_inst_index
 .text._sercom_default_handler
                0x00003f08        0x2 src/ASF/sam0/drivers/sercom/sercom_interrupt.o
 *fill*         0x00003f0a        0x2 
 .text._sercom_set_handler
                0x00003f0c       0x38 src/ASF/sam0/drivers/sercom/sercom_interrupt.o
                0x00003f0c                _sercom_set_handler
 .text._sercom_get_interrupt_vector
                0x00003f44       0x2c src/ASF/sam0/drivers/sercom/sercom_interrupt.o
                0x00003f44                _sercom_get_interrupt_vector
 .text.SERCOM0_Handler
                0x00003f70       0x10 src/ASF/sam0/drivers/sercom/sercom_interrupt.o
                0x00003f70                SERCOM0_Handler
 .text.SERCOM1_Handler
                0x00003f80       0x10 src/ASF/sam0/drivers/sercom/sercom_interrupt.o
                0x00003f80                SERCOM1_Handler
 .text.SERCOM2_Handler
                0x00003f90       0x10 src/ASF/sam0/drivers/sercom/sercom_interrupt.o
                0x00003f90                SERCOM2_Handler
 .text.SERCOM3_Handler
                0x00003fa0       0x10 src/ASF/sam0/drivers/sercom/sercom_interrupt.o
                0x00003fa0                SERCOM3_Handler
 .text.SERCOM4_Handler
                0x00003fb0       0x10 src/ASF/sam0/drivers/sercom/sercom_interrupt.o
                0x00003fb0                SERCOM4_Handler
 .text.SERCOM5_Handler
                0x00003fc0       0x10 src/ASF/sam0/drivers/sercom/sercom_interrupt.o
                0x00003fc0                SERCOM5_Handler
 .text.EIC_Handler
                0x00003fd0       0x40 src/ASF/sam0/drivers/extint/extint_callback.o
                0x00003fd0                EIC_Handler
 .text.delay_init
                0x00004010       0x40 src/ASF/common2/services/delay/sam0/systick_counter.o
                0x00004010                delay_init
 .text.delay_cycles_us
                0x00004050       0x2c src/ASF/common2/services/delay/sam0/systick_counter.o
                0x00004050                delay_cycles_us
 .text.delay_cycles_ms
                0x0000407c       0x2c src/ASF/common2/services/delay/sam0/systick_counter.o
                0x0000407c                delay_cycles_ms
 .text.nvm_is_ready
                0x000040a8       0x10 src/ASF/sam0/drivers/nvm/nvm.o
 .text.nvm_set_config
                0x000040b8       0x88 src/ASF/sam0/drivers/nvm/nvm.o
                0x000040b8                nvm_set_config
 .text.nvm_execute_command
                0x00004140       0xf0 src/ASF/sam0/drivers/nvm/nvm.o
                0x00004140                nvm_execute_command
 .text.nvm_write_buffer
                0x00004230       0xc4 src/ASF/sam0/drivers/nvm/nvm.o
                0x00004230                nvm_write_buffer
 .text.nvm_read_buffer
                0x000042f4       0x80 src/ASF/sam0/drivers/nvm/nvm.o
                0x000042f4                nvm_read_buffer
 .text.nvm_erase_row
                0x00004374       0xa0 src/ASF/sam0/drivers/nvm/nvm.o
                0x00004374                nvm_erase_row
 .text.nvm_get_parameters
                0x00004414       0x5c src/ASF/sam0/drivers/nvm/nvm.o
                0x00004414                nvm_get_parameters
 .text.port_pin_set_config
                0x00004470       0x20 src/ASF/sam0/drivers/port/port.o
                0x00004470                port_pin_set_config
 .text._eeprom_emulator_nvm_erase_row
                0x00004490       0x1c src/ASF/sam0/services/eeprom/emulator/main_array/eeprom.o
 .text._eeprom_emulator_update_page_mapping
                0x000044ac       0xf0 src/ASF/sam0/services/eeprom/emulator/main_array/eeprom.o
 .text._eeprom_emulator_nvm_read_page
                0x0000459c       0x24 src/ASF/sam0/services/eeprom/emulator/main_array/eeprom.o
 .text._eeprom_emulator_nvm_fill_cache
                0x000045c0       0x24 src/ASF/sam0/services/eeprom/emulator/main_array/eeprom.o
 .text._eeprom_emulator_nvm_commit_cache
                0x000045e4       0x20 src/ASF/sam0/services/eeprom/emulator/main_array/eeprom.o
 .text.eeprom_emulator_init
                0x00004604       0xc8 src/ASF/sam0/services/eeprom/emulator/main_array/eeprom.o
                0x00004604                eeprom_emulator_init
 .text.eeprom_emulator_erase_memory
                0x000046cc       0xd4 src/ASF/sam0/services/eeprom/emulator/main_array/eeprom.o
                0x000046cc                eeprom_emulator_erase_memory
 .text.eeprom_emulator_read_page
                0x000047a0       0x5c src/ASF/sam0/services/eeprom/emulator/main_array/eeprom.o
                0x000047a0                eeprom_emulator_read_page
 .text.eeprom_emulator_read_buffer
                0x000047fc       0x88 src/ASF/sam0/services/eeprom/emulator/main_array/eeprom.o
                0x000047fc                eeprom_emulator_read_buffer
 .text.eeprom_emulator_commit_page_buffer
                0x00004884       0x2c src/ASF/sam0/services/eeprom/emulator/main_array/eeprom.o
                0x00004884                eeprom_emulator_commit_page_buffer
 .text.eeprom_emulator_write_page
                0x000048b0      0x14c src/ASF/sam0/services/eeprom/emulator/main_array/eeprom.o
                0x000048b0                eeprom_emulator_write_page
 .text.eeprom_emulator_write_buffer
                0x000049fc       0xac src/ASF/sam0/services/eeprom/emulator/main_array/eeprom.o
                0x000049fc                eeprom_emulator_write_buffer
 .text.system_board_init
                0x00004aa8        0x2 src/ASF/common2/boards/user_board/init.o
                0x00004aa8                board_init
                0x00004aa8                system_board_init
 *fill*         0x00004aaa        0x2 
 .text.cpu_irq_enter_critical
                0x00004aac       0x34 src/ASF/common/utils/interrupt/interrupt_sam_nvic.o
                0x00004aac                cpu_irq_enter_critical
 .text.cpu_irq_leave_critical
                0x00004ae0       0x30 src/ASF/common/utils/interrupt/interrupt_sam_nvic.o
                0x00004ae0                cpu_irq_leave_critical
 .text._system_dfll_wait_for_sync
                0x00004b10       0x14 src/ASF/sam0/drivers/system/clock/clock_saml21/clock.o
 .text.system_switch_performance_level
                0x00004b24       0x28 src/ASF/sam0/drivers/system/clock/clock_saml21/clock.o
 .text.system_clock_source_get_hz
                0x00004b4c       0x90 src/ASF/sam0/drivers/system/clock/clock_saml21/clock.o
                0x00004b4c                system_clock_source_get_hz
 .text.system_clock_source_xosc_set_config
                0x00004bdc       0xcc src/ASF/sam0/drivers/system/clock/clock_saml21/clock.o
                0x00004bdc                system_clock_source_xosc_set_config
 .text.system_clock_source_enable
                0x00004ca8       0xa4 src/ASF/sam0/drivers/system/clock/clock_saml21/clock.o
                0x00004ca8                system_clock_source_enable
 .text.system_clock_init
                0x00004d4c       0xb4 src/ASF/sam0/drivers/system/clock/clock_saml21/clock.o
                0x00004d4c                system_clock_init
 .text.system_gclk_is_syncing
                0x00004e00       0x20 src/ASF/sam0/drivers/system/clock/clock_saml21/gclk.o
 .text.system_gclk_init
                0x00004e20       0x20 src/ASF/sam0/drivers/system/clock/clock_saml21/gclk.o
                0x00004e20                system_gclk_init
 .text.system_gclk_gen_set_config
                0x00004e40       0x98 src/ASF/sam0/drivers/system/clock/clock_saml21/gclk.o
                0x00004e40                system_gclk_gen_set_config
 .text.system_gclk_gen_enable
                0x00004ed8       0x38 src/ASF/sam0/drivers/system/clock/clock_saml21/gclk.o
                0x00004ed8                system_gclk_gen_enable
 .text.system_gclk_gen_get_hz
                0x00004f10       0x68 src/ASF/sam0/drivers/system/clock/clock_saml21/gclk.o
                0x00004f10                system_gclk_gen_get_hz
 .text.system_gclk_chan_enable
                0x00004f78       0x30 src/ASF/sam0/drivers/system/clock/clock_saml21/gclk.o
                0x00004f78                system_gclk_chan_enable
 .text.system_gclk_chan_disable
                0x00004fa8       0x30 src/ASF/sam0/drivers/system/clock/clock_saml21/gclk.o
                0x00004fa8                system_gclk_chan_disable
 .text.system_gclk_chan_set_config
                0x00004fd8       0x24 src/ASF/sam0/drivers/system/clock/clock_saml21/gclk.o
                0x00004fd8                system_gclk_chan_set_config
 .text.system_gclk_chan_get_hz
                0x00004ffc       0x30 src/ASF/sam0/drivers/system/clock/clock_saml21/gclk.o
                0x00004ffc                system_gclk_chan_get_hz
 .text._system_pinmux_config
                0x0000502c       0x84 src/ASF/sam0/drivers/system/pinmux/pinmux.o
 .text.system_pinmux_pin_set_config
                0x000050b0       0x2c src/ASF/sam0/drivers/system/pinmux/pinmux.o
                0x000050b0                system_pinmux_pin_set_config
 .text._system_dummy_init
                0x000050dc        0x2 src/ASF/sam0/drivers/system/system.o
                0x000050dc                _system_events_init
                0x000050dc                _system_dummy_init
                0x000050dc                _system_divas_init
 *fill*         0x000050de        0x2 
 .text.system_init
                0x000050e0       0x2c src/ASF/sam0/drivers/system/system.o
                0x000050e0                system_init
 .text.Dummy_Handler
                0x0000510c        0x2 src/ASF/sam0/utils/cmsis/saml21/source/gcc/startup_saml21.o
                0x0000510c                DMAC_Handler
                0x0000510c                TRNG_Handler
                0x0000510c                HardFault_Handler
                0x0000510c                AC_Handler
                0x0000510c                SysTick_Handler
                0x0000510c                PendSV_Handler
                0x0000510c                NMI_Handler
                0x0000510c                ADC_Handler
                0x0000510c                TCC1_Handler
                0x0000510c                TCC0_Handler
                0x0000510c                RTC_Handler
                0x0000510c                WDT_Handler
                0x0000510c                USB_Handler
                0x0000510c                Dummy_Handler
                0x0000510c                SVC_Handler
                0x0000510c                TCC2_Handler
                0x0000510c                EVSYS_Handler
                0x0000510c                NVMCTRL_Handler
                0x0000510c                SYSTEM_Handler
                0x0000510c                DAC_Handler
                0x0000510c                PTC_Handler
                0x0000510c                AES_Handler
 *fill*         0x0000510e        0x2 
 .text.Reset_Handler
                0x00005110       0x70 src/ASF/sam0/utils/cmsis/saml21/source/gcc/startup_saml21.o
                0x00005110                Reset_Handler
 .text._sbrk    0x00005180       0x20 src/ASF/sam0/utils/syscalls/gcc/syscalls.o
                0x00005180                _sbrk
 .text.acos     0x000051a0       0xc0 c:/program files (x86)/atmel/studio/7.0/toolchain/arm/arm-gnu-toolchain/bin/../lib/gcc/arm-none-eabi/6.3.1/../../../../arm-none-eabi/lib/thumb/v6-m\libm.a(lib_a-w_acos.o)
                0x000051a0                acos
 .text.sqrt     0x00005260       0xc0 c:/program files (x86)/atmel/studio/7.0/toolchain/arm/arm-gnu-toolchain/bin/../lib/gcc/arm-none-eabi/6.3.1/../../../../arm-none-eabi/lib/thumb/v6-m\libm.a(lib_a-w_sqrt.o)
                0x00005260                sqrt
 .text.__ieee754_acos
                0x00005320      0x3ec c:/program files (x86)/atmel/studio/7.0/toolchain/arm/arm-gnu-toolchain/bin/../lib/gcc/arm-none-eabi/6.3.1/../../../../arm-none-eabi/lib/thumb/v6-m\libm.a(lib_a-e_acos.o)
                0x00005320                __ieee754_acos
 .text.__ieee754_sqrt
                0x0000570c      0x1c0 c:/program files (x86)/atmel/studio/7.0/toolchain/arm/arm-gnu-toolchain/bin/../lib/gcc/arm-none-eabi/6.3.1/../../../../arm-none-eabi/lib/thumb/v6-m\libm.a(lib_a-e_sqrt.o)
                0x0000570c                __ieee754_sqrt
 .text.fabs     0x000058cc        0x8 c:/program files (x86)/atmel/studio/7.0/toolchain/arm/arm-gnu-toolchain/bin/../lib/gcc/arm-none-eabi/6.3.1/../../../../arm-none-eabi/lib/thumb/v6-m\libm.a(lib_a-s_fabs.o)
                0x000058cc                fabs
 .text.matherr  0x000058d4        0x4 c:/program files (x86)/atmel/studio/7.0/toolchain/arm/arm-gnu-toolchain/bin/../lib/gcc/arm-none-eabi/6.3.1/../../../../arm-none-eabi/lib/thumb/v6-m\libm.a(lib_a-s_matherr.o)
                0x000058d4                matherr
 .text.nan      0x000058d8        0xc c:/program files (x86)/atmel/studio/7.0/toolchain/arm/arm-gnu-toolchain/bin/../lib/gcc/arm-none-eabi/6.3.1/../../../../arm-none-eabi/lib/thumb/v6-m\libm.a(lib_a-s_nan.o)
                0x000058d8                nan
 .text          0x000058e4       0x14 c:/program files (x86)/atmel/studio/7.0/toolchain/arm/arm-gnu-toolchain/bin/../lib/gcc/arm-none-eabi/6.3.1/thumb/v6-m\libgcc.a(_thumb1_case_uqi.o)
                0x000058e4                __gnu_thumb1_case_uqi
 .text          0x000058f8      0x114 c:/program files (x86)/atmel/studio/7.0/toolchain/arm/arm-gnu-toolchain/bin/../lib/gcc/arm-none-eabi/6.3.1/thumb/v6-m\libgcc.a(_udivsi3.o)
                0x000058f8                __aeabi_uidiv
                0x000058f8                __udivsi3
                0x00005a04                __aeabi_uidivmod
 .text          0x00005a0c        0x4 c:/program files (x86)/atmel/studio/7.0/toolchain/arm/arm-gnu-toolchain/bin/../lib/gcc/arm-none-eabi/6.3.1/thumb/v6-m\libgcc.a(_dvmd_tls.o)
                0x00005a0c                __aeabi_idiv0
                0x00005a0c                __aeabi_ldiv0
 .text          0x00005a10       0x18 c:/program files (x86)/atmel/studio/7.0/toolchain/arm/arm-gnu-toolchain/bin/../lib/gcc/arm-none-eabi/6.3.1/thumb/v6-m\libgcc.a(_ashldi3.o)
                0x00005a10                __aeabi_llsl
                0x00005a10                __ashldi3
 .text          0x00005a28       0x7c c:/program files (x86)/atmel/studio/7.0/toolchain/arm/arm-gnu-toolchain/bin/../lib/gcc/arm-none-eabi/6.3.1/thumb/v6-m\libgcc.a(_arm_cmpdf2.o)
                0x00005a28                __aeabi_cdrcmple
                0x00005a38                __aeabi_cdcmple
                0x00005a38                __aeabi_cdcmpeq
                0x00005a48                __aeabi_dcmpeq
                0x00005a54                __aeabi_dcmplt
                0x00005a68                __aeabi_dcmple
                0x00005a7c                __aeabi_dcmpgt
                0x00005a90                __aeabi_dcmpge
 .text          0x00005aa4       0x54 c:/program files (x86)/atmel/studio/7.0/toolchain/arm/arm-gnu-toolchain/bin/../lib/gcc/arm-none-eabi/6.3.1/thumb/v6-m\libgcc.a(_muldi3.o)
                0x00005aa4                __muldi3
                0x00005aa4                __aeabi_lmul
 .text          0x00005af8       0x8c c:/program files (x86)/atmel/studio/7.0/toolchain/arm/arm-gnu-toolchain/bin/../lib/gcc/arm-none-eabi/6.3.1/thumb/v6-m\libgcc.a(floatunsisf.o)
                0x00005af8                __aeabi_ui2f
 .text          0x00005b84      0x620 c:/program files (x86)/atmel/studio/7.0/toolchain/arm/arm-gnu-toolchain/bin/../lib/gcc/arm-none-eabi/6.3.1/thumb/v6-m\libgcc.a(adddf3.o)
                0x00005b84                __aeabi_dadd
 .text          0x000061a4      0x668 c:/program files (x86)/atmel/studio/7.0/toolchain/arm/arm-gnu-toolchain/bin/../lib/gcc/arm-none-eabi/6.3.1/thumb/v6-m\libgcc.a(divdf3.o)
                0x000061a4                __aeabi_ddiv
 .text          0x0000680c       0x74 c:/program files (x86)/atmel/studio/7.0/toolchain/arm/arm-gnu-toolchain/bin/../lib/gcc/arm-none-eabi/6.3.1/thumb/v6-m\libgcc.a(eqdf2.o)
                0x0000680c                __nedf2
                0x0000680c                __eqdf2
 .text          0x00006880       0xc8 c:/program files (x86)/atmel/studio/7.0/toolchain/arm/arm-gnu-toolchain/bin/../lib/gcc/arm-none-eabi/6.3.1/thumb/v6-m\libgcc.a(gedf2.o)
                0x00006880                __gedf2
                0x00006880                __gtdf2
 .text          0x00006948       0xc4 c:/program files (x86)/atmel/studio/7.0/toolchain/arm/arm-gnu-toolchain/bin/../lib/gcc/arm-none-eabi/6.3.1/thumb/v6-m\libgcc.a(ledf2.o)
                0x00006948                __ledf2
                0x00006948                __ltdf2
 .text          0x00006a0c      0x500 c:/program files (x86)/atmel/studio/7.0/toolchain/arm/arm-gnu-toolchain/bin/../lib/gcc/arm-none-eabi/6.3.1/thumb/v6-m\libgcc.a(muldf3.o)
                0x00006a0c                __aeabi_dmul
 .text          0x00006f0c      0x62c c:/program files (x86)/atmel/studio/7.0/toolchain/arm/arm-gnu-toolchain/bin/../lib/gcc/arm-none-eabi/6.3.1/thumb/v6-m\libgcc.a(subdf3.o)
                0x00006f0c                __aeabi_dsub
 .text          0x00007538       0x40 c:/program files (x86)/atmel/studio/7.0/toolchain/arm/arm-gnu-toolchain/bin/../lib/gcc/arm-none-eabi/6.3.1/thumb/v6-m\libgcc.a(unorddf2.o)
                0x00007538                __aeabi_dcmpun
 .text          0x00007578       0x68 c:/program files (x86)/atmel/studio/7.0/toolchain/arm/arm-gnu-toolchain/bin/../lib/gcc/arm-none-eabi/6.3.1/thumb/v6-m\libgcc.a(fixdfsi.o)
                0x00007578                __aeabi_d2iz
 .text          0x000075e0       0x84 c:/program files (x86)/atmel/studio/7.0/toolchain/arm/arm-gnu-toolchain/bin/../lib/gcc/arm-none-eabi/6.3.1/thumb/v6-m\libgcc.a(floatsidf.o)
                0x000075e0                __aeabi_i2d
 .text          0x00007664       0x70 c:/program files (x86)/atmel/studio/7.0/toolchain/arm/arm-gnu-toolchain/bin/../lib/gcc/arm-none-eabi/6.3.1/thumb/v6-m\libgcc.a(floatunsidf.o)
                0x00007664                __aeabi_ui2d
 .text          0x000076d4       0xa4 c:/program files (x86)/atmel/studio/7.0/toolchain/arm/arm-gnu-toolchain/bin/../lib/gcc/arm-none-eabi/6.3.1/thumb/v6-m\libgcc.a(extendsfdf2.o)
                0x000076d4                __aeabi_f2d
 .text          0x00007778      0x114 c:/program files (x86)/atmel/studio/7.0/toolchain/arm/arm-gnu-toolchain/bin/../lib/gcc/arm-none-eabi/6.3.1/thumb/v6-m\libgcc.a(truncdfsf2.o)
                0x00007778                __aeabi_d2f
 .text          0x0000788c       0x3c c:/program files (x86)/atmel/studio/7.0/toolchain/arm/arm-gnu-toolchain/bin/../lib/gcc/arm-none-eabi/6.3.1/thumb/v6-m\libgcc.a(_clzsi2.o)
                0x0000788c                __clzsi2
 .text.atoi     0x000078c8        0xc c:/program files (x86)/atmel/studio/7.0/toolchain/arm/arm-gnu-toolchain/bin/../lib/gcc/arm-none-eabi/6.3.1/../../../../arm-none-eabi/lib/thumb/v6-m\libc.a(lib_a-atoi.o)
                0x000078c8                atoi
 .text.__errno  0x000078d4        0xc c:/program files (x86)/atmel/studio/7.0/toolchain/arm/arm-gnu-toolchain/bin/../lib/gcc/arm-none-eabi/6.3.1/../../../../arm-none-eabi/lib/thumb/v6-m\libc.a(lib_a-errno.o)
                0x000078d4                __errno
 .text.__libc_init_array
                0x000078e0       0x48 c:/program files (x86)/atmel/studio/7.0/toolchain/arm/arm-gnu-toolchain/bin/../lib/gcc/arm-none-eabi/6.3.1/../../../../arm-none-eabi/lib/thumb/v6-m\libc.a(lib_a-init.o)
                0x000078e0                __libc_init_array
 .text.memcpy   0x00007928       0x84 c:/program files (x86)/atmel/studio/7.0/toolchain/arm/arm-gnu-toolchain/bin/../lib/gcc/arm-none-eabi/6.3.1/../../../../arm-none-eabi/lib/thumb/v6-m\libc.a(lib_a-memcpy-stub.o)
                0x00007928                memcpy
 .text.memset   0x000079ac       0x94 c:/program files (x86)/atmel/studio/7.0/toolchain/arm/arm-gnu-toolchain/bin/../lib/gcc/arm-none-eabi/6.3.1/../../../../arm-none-eabi/lib/thumb/v6-m\libc.a(lib_a-memset.o)
                0x000079ac                memset
 .text.sprintf  0x00007a40       0x44 c:/program files (x86)/atmel/studio/7.0/toolchain/arm/arm-gnu-toolchain/bin/../lib/gcc/arm-none-eabi/6.3.1/../../../../arm-none-eabi/lib/thumb/v6-m\libc.a(lib_a-sprintf.o)
                0x00007a40                sprintf
 .text.strcpy   0x00007a84       0x10 c:/program files (x86)/atmel/studio/7.0/toolchain/arm/arm-gnu-toolchain/bin/../lib/gcc/arm-none-eabi/6.3.1/../../../../arm-none-eabi/lib/thumb/v6-m\libc.a(lib_a-strcpy.o)
                0x00007a84                strcpy
 .text.strlen   0x00007a94       0x64 c:/program files (x86)/atmel/studio/7.0/toolchain/arm/arm-gnu-toolchain/bin/../lib/gcc/arm-none-eabi/6.3.1/../../../../arm-none-eabi/lib/thumb/v6-m\libc.a(lib_a-strlen-stub.o)
                0x00007a94                strlen
 .text.critical_factorization
                0x00007af8       0xc0 c:/program files (x86)/atmel/studio/7.0/toolchain/arm/arm-gnu-toolchain/bin/../lib/gcc/arm-none-eabi/6.3.1/../../../../arm-none-eabi/lib/thumb/v6-m\libc.a(lib_a-strstr.o)
 .text.two_way_long_needle
                0x00007bb8      0x204 c:/program files (x86)/atmel/studio/7.0/toolchain/arm/arm-gnu-toolchain/bin/../lib/gcc/arm-none-eabi/6.3.1/../../../../arm-none-eabi/lib/thumb/v6-m\libc.a(lib_a-strstr.o)
 .text.strstr   0x00007dbc      0x208 c:/program files (x86)/atmel/studio/7.0/toolchain/arm/arm-gnu-toolchain/bin/../lib/gcc/arm-none-eabi/6.3.1/../../../../arm-none-eabi/lib/thumb/v6-m\libc.a(lib_a-strstr.o)
                0x00007dbc                strstr
 .text.strtok   0x00007fc4       0x14 c:/program files (x86)/atmel/studio/7.0/toolchain/arm/arm-gnu-toolchain/bin/../lib/gcc/arm-none-eabi/6.3.1/../../../../arm-none-eabi/lib/thumb/v6-m\libc.a(lib_a-strtok.o)
                0x00007fc4                strtok
 .text.__strtok_r
                0x00007fd8       0x68 c:/program files (x86)/atmel/studio/7.0/toolchain/arm/arm-gnu-toolchain/bin/../lib/gcc/arm-none-eabi/6.3.1/../../../../arm-none-eabi/lib/thumb/v6-m\libc.a(lib_a-strtok_r.o)
                0x00007fd8                __strtok_r
 .text._strtol_l.isra.0
                0x00008040      0x130 c:/program files (x86)/atmel/studio/7.0/toolchain/arm/arm-gnu-toolchain/bin/../lib/gcc/arm-none-eabi/6.3.1/../../../../arm-none-eabi/lib/thumb/v6-m\libc.a(lib_a-strtol.o)
 .text.strtol   0x00008170       0x2c c:/program files (x86)/atmel/studio/7.0/toolchain/arm/arm-gnu-toolchain/bin/../lib/gcc/arm-none-eabi/6.3.1/../../../../arm-none-eabi/lib/thumb/v6-m\libc.a(lib_a-strtol.o)
                0x00008170                strtol
 .text._svfprintf_r
                0x0000819c     0x1608 c:/program files (x86)/atmel/studio/7.0/toolchain/arm/arm-gnu-toolchain/bin/../lib/gcc/arm-none-eabi/6.3.1/../../../../arm-none-eabi/lib/thumb/v6-m\libc.a(lib_a-svfprintf.o)
                0x0000819c                _svfprintf_r
 .text.startup.register_fini
                0x000097a4       0x18 c:/program files (x86)/atmel/studio/7.0/toolchain/arm/arm-gnu-toolchain/bin/../lib/gcc/arm-none-eabi/6.3.1/../../../../arm-none-eabi/lib/thumb/v6-m\libc.a(lib_a-__call_atexit.o)
 .text.atexit   0x000097bc       0x10 c:/program files (x86)/atmel/studio/7.0/toolchain/arm/arm-gnu-toolchain/bin/../lib/gcc/arm-none-eabi/6.3.1/../../../../arm-none-eabi/lib/thumb/v6-m\libc.a(lib_a-atexit.o)
                0x000097bc                atexit
 .text.quorem   0x000097cc      0x154 c:/program files (x86)/atmel/studio/7.0/toolchain/arm/arm-gnu-toolchain/bin/../lib/gcc/arm-none-eabi/6.3.1/../../../../arm-none-eabi/lib/thumb/v6-m\libc.a(lib_a-dtoa.o)
 .text._dtoa_r  0x00009920      0xf88 c:/program files (x86)/atmel/studio/7.0/toolchain/arm/arm-gnu-toolchain/bin/../lib/gcc/arm-none-eabi/6.3.1/../../../../arm-none-eabi/lib/thumb/v6-m\libc.a(lib_a-dtoa.o)
                0x00009920                _dtoa_r
 .text.__libc_fini_array
                0x0000a8a8       0x34 c:/program files (x86)/atmel/studio/7.0/toolchain/arm/arm-gnu-toolchain/bin/../lib/gcc/arm-none-eabi/6.3.1/../../../../arm-none-eabi/lib/thumb/v6-m\libc.a(lib_a-fini.o)
                0x0000a8a8                __libc_fini_array
 .text.__locale_ctype_ptr_l
                0x0000a8dc        0x8 c:/program files (x86)/atmel/studio/7.0/toolchain/arm/arm-gnu-toolchain/bin/../lib/gcc/arm-none-eabi/6.3.1/../../../../arm-none-eabi/lib/thumb/v6-m\libc.a(lib_a-locale.o)
                0x0000a8dc                __locale_ctype_ptr_l
 .text._localeconv_r
                0x0000a8e4       0x1c c:/program files (x86)/atmel/studio/7.0/toolchain/arm/arm-gnu-toolchain/bin/../lib/gcc/arm-none-eabi/6.3.1/../../../../arm-none-eabi/lib/thumb/v6-m\libc.a(lib_a-localeconv.o)
                0x0000a8e4                _localeconv_r
 .text.__retarget_lock_acquire_recursive
                0x0000a900        0x4 c:/program files (x86)/atmel/studio/7.0/toolchain/arm/arm-gnu-toolchain/bin/../lib/gcc/arm-none-eabi/6.3.1/../../../../arm-none-eabi/lib/thumb/v6-m\libc.a(lib_a-lock.o)
                0x0000a900                __retarget_lock_acquire_recursive
 .text.__retarget_lock_release_recursive
                0x0000a904        0x4 c:/program files (x86)/atmel/studio/7.0/toolchain/arm/arm-gnu-toolchain/bin/../lib/gcc/arm-none-eabi/6.3.1/../../../../arm-none-eabi/lib/thumb/v6-m\libc.a(lib_a-lock.o)
                0x0000a904                __retarget_lock_release_recursive
 .text._malloc_r
                0x0000a908      0x568 c:/program files (x86)/atmel/studio/7.0/toolchain/arm/arm-gnu-toolchain/bin/../lib/gcc/arm-none-eabi/6.3.1/../../../../arm-none-eabi/lib/thumb/v6-m\libc.a(lib_a-mallocr.o)
                0x0000a908                _malloc_r
 .text.__ascii_mbtowc
                0x0000ae70       0x2c c:/program files (x86)/atmel/studio/7.0/toolchain/arm/arm-gnu-toolchain/bin/../lib/gcc/arm-none-eabi/6.3.1/../../../../arm-none-eabi/lib/thumb/v6-m\libc.a(lib_a-mbtowc_r.o)
                0x0000ae70                __ascii_mbtowc
 .text.memchr   0x0000ae9c       0x80 c:/program files (x86)/atmel/studio/7.0/toolchain/arm/arm-gnu-toolchain/bin/../lib/gcc/arm-none-eabi/6.3.1/../../../../arm-none-eabi/lib/thumb/v6-m\libc.a(lib_a-memchr-stub.o)
                0x0000ae9c                memchr
 .text.memcmp   0x0000af1c       0x4c c:/program files (x86)/atmel/studio/7.0/toolchain/arm/arm-gnu-toolchain/bin/../lib/gcc/arm-none-eabi/6.3.1/../../../../arm-none-eabi/lib/thumb/v6-m\libc.a(lib_a-memcmp.o)
                0x0000af1c                memcmp
 .text.__malloc_lock
                0x0000af68       0x10 c:/program files (x86)/atmel/studio/7.0/toolchain/arm/arm-gnu-toolchain/bin/../lib/gcc/arm-none-eabi/6.3.1/../../../../arm-none-eabi/lib/thumb/v6-m\libc.a(lib_a-mlock.o)
                0x0000af68                __malloc_lock
 .text.__malloc_unlock
                0x0000af78       0x10 c:/program files (x86)/atmel/studio/7.0/toolchain/arm/arm-gnu-toolchain/bin/../lib/gcc/arm-none-eabi/6.3.1/../../../../arm-none-eabi/lib/thumb/v6-m\libc.a(lib_a-mlock.o)
                0x0000af78                __malloc_unlock
 .text._Balloc  0x0000af88       0x50 c:/program files (x86)/atmel/studio/7.0/toolchain/arm/arm-gnu-toolchain/bin/../lib/gcc/arm-none-eabi/6.3.1/../../../../arm-none-eabi/lib/thumb/v6-m\libc.a(lib_a-mprec.o)
                0x0000af88                _Balloc
 .text._Bfree   0x0000afd8       0x14 c:/program files (x86)/atmel/studio/7.0/toolchain/arm/arm-gnu-toolchain/bin/../lib/gcc/arm-none-eabi/6.3.1/../../../../arm-none-eabi/lib/thumb/v6-m\libc.a(lib_a-mprec.o)
                0x0000afd8                _Bfree
 .text.__multadd
                0x0000afec       0x8c c:/program files (x86)/atmel/studio/7.0/toolchain/arm/arm-gnu-toolchain/bin/../lib/gcc/arm-none-eabi/6.3.1/../../../../arm-none-eabi/lib/thumb/v6-m\libc.a(lib_a-mprec.o)
                0x0000afec                __multadd
 .text.__hi0bits
                0x0000b078       0x34 c:/program files (x86)/atmel/studio/7.0/toolchain/arm/arm-gnu-toolchain/bin/../lib/gcc/arm-none-eabi/6.3.1/../../../../arm-none-eabi/lib/thumb/v6-m\libc.a(lib_a-mprec.o)
                0x0000b078                __hi0bits
 .text.__lo0bits
                0x0000b0ac       0x5c c:/program files (x86)/atmel/studio/7.0/toolchain/arm/arm-gnu-toolchain/bin/../lib/gcc/arm-none-eabi/6.3.1/../../../../arm-none-eabi/lib/thumb/v6-m\libc.a(lib_a-mprec.o)
                0x0000b0ac                __lo0bits
 .text.__i2b    0x0000b108       0x14 c:/program files (x86)/atmel/studio/7.0/toolchain/arm/arm-gnu-toolchain/bin/../lib/gcc/arm-none-eabi/6.3.1/../../../../arm-none-eabi/lib/thumb/v6-m\libc.a(lib_a-mprec.o)
                0x0000b108                __i2b
 .text.__multiply
                0x0000b11c      0x154 c:/program files (x86)/atmel/studio/7.0/toolchain/arm/arm-gnu-toolchain/bin/../lib/gcc/arm-none-eabi/6.3.1/../../../../arm-none-eabi/lib/thumb/v6-m\libc.a(lib_a-mprec.o)
                0x0000b11c                __multiply
 .text.__pow5mult
                0x0000b270       0xc0 c:/program files (x86)/atmel/studio/7.0/toolchain/arm/arm-gnu-toolchain/bin/../lib/gcc/arm-none-eabi/6.3.1/../../../../arm-none-eabi/lib/thumb/v6-m\libc.a(lib_a-mprec.o)
                0x0000b270                __pow5mult
 .text.__lshift
                0x0000b330       0xc0 c:/program files (x86)/atmel/studio/7.0/toolchain/arm/arm-gnu-toolchain/bin/../lib/gcc/arm-none-eabi/6.3.1/../../../../arm-none-eabi/lib/thumb/v6-m\libc.a(lib_a-mprec.o)
                0x0000b330                __lshift
 .text.__mcmp   0x0000b3f0       0x34 c:/program files (x86)/atmel/studio/7.0/toolchain/arm/arm-gnu-toolchain/bin/../lib/gcc/arm-none-eabi/6.3.1/../../../../arm-none-eabi/lib/thumb/v6-m\libc.a(lib_a-mprec.o)
                0x0000b3f0                __mcmp
 .text.__mdiff  0x0000b424      0x138 c:/program files (x86)/atmel/studio/7.0/toolchain/arm/arm-gnu-toolchain/bin/../lib/gcc/arm-none-eabi/6.3.1/../../../../arm-none-eabi/lib/thumb/v6-m\libc.a(lib_a-mprec.o)
                0x0000b424                __mdiff
 .text.__d2b    0x0000b55c       0xbc c:/program files (x86)/atmel/studio/7.0/toolchain/arm/arm-gnu-toolchain/bin/../lib/gcc/arm-none-eabi/6.3.1/../../../../arm-none-eabi/lib/thumb/v6-m\libc.a(lib_a-mprec.o)
                0x0000b55c                __d2b
 .text._sbrk_r  0x0000b618       0x24 c:/program files (x86)/atmel/studio/7.0/toolchain/arm/arm-gnu-toolchain/bin/../lib/gcc/arm-none-eabi/6.3.1/../../../../arm-none-eabi/lib/thumb/v6-m\libc.a(lib_a-sbrkr.o)
                0x0000b618                _sbrk_r
 .text.strchr   0x0000b63c       0xdc c:/program files (x86)/atmel/studio/7.0/toolchain/arm/arm-gnu-toolchain/bin/../lib/gcc/arm-none-eabi/6.3.1/../../../../arm-none-eabi/lib/thumb/v6-m\libc.a(lib_a-strchr.o)
                0x0000b63c                strchr
 .text.__ssprint_r
                0x0000b718      0x120 c:/program files (x86)/atmel/studio/7.0/toolchain/arm/arm-gnu-toolchain/bin/../lib/gcc/arm-none-eabi/6.3.1/../../../../arm-none-eabi/lib/thumb/v6-m\libc.a(lib_a-svfiprintf.o)
                0x0000b718                __ssprint_r
 .text.__ascii_wctomb
                0x0000b838       0x1c c:/program files (x86)/atmel/studio/7.0/toolchain/arm/arm-gnu-toolchain/bin/../lib/gcc/arm-none-eabi/6.3.1/../../../../arm-none-eabi/lib/thumb/v6-m\libc.a(lib_a-wctomb_r.o)
                0x0000b838                __ascii_wctomb
 .text.__register_exitproc
                0x0000b854       0xf4 c:/program files (x86)/atmel/studio/7.0/toolchain/arm/arm-gnu-toolchain/bin/../lib/gcc/arm-none-eabi/6.3.1/../../../../arm-none-eabi/lib/thumb/v6-m\libc.a(lib_a-__atexit.o)
                0x0000b854                __register_exitproc
 .text._calloc_r
                0x0000b948       0x58 c:/program files (x86)/atmel/studio/7.0/toolchain/arm/arm-gnu-toolchain/bin/../lib/gcc/arm-none-eabi/6.3.1/../../../../arm-none-eabi/lib/thumb/v6-m\libc.a(lib_a-callocr.o)
                0x0000b948                _calloc_r
 .text._malloc_trim_r
                0x0000b9a0       0xa0 c:/program files (x86)/atmel/studio/7.0/toolchain/arm/arm-gnu-toolchain/bin/../lib/gcc/arm-none-eabi/6.3.1/../../../../arm-none-eabi/lib/thumb/v6-m\libc.a(lib_a-freer.o)
                0x0000b9a0                _malloc_trim_r
 .text._free_r  0x0000ba40      0x1bc c:/program files (x86)/atmel/studio/7.0/toolchain/arm/arm-gnu-toolchain/bin/../lib/gcc/arm-none-eabi/6.3.1/../../../../arm-none-eabi/lib/thumb/v6-m\libc.a(lib_a-freer.o)
                0x0000ba40                _free_r
 .text.memmove  0x0000bbfc       0xa0 c:/program files (x86)/atmel/studio/7.0/toolchain/arm/arm-gnu-toolchain/bin/../lib/gcc/arm-none-eabi/6.3.1/../../../../arm-none-eabi/lib/thumb/v6-m\libc.a(lib_a-memmove.o)
                0x0000bbfc                memmove
 .text._realloc_r
                0x0000bc9c      0x37c c:/program files (x86)/atmel/studio/7.0/toolchain/arm/arm-gnu-toolchain/bin/../lib/gcc/arm-none-eabi/6.3.1/../../../../arm-none-eabi/lib/thumb/v6-m\libc.a(lib_a-reallocr.o)
                0x0000bc9c                _realloc_r
 .text          0x0000c018      0x1d4 c:/program files (x86)/atmel/studio/7.0/toolchain/arm/arm-gnu-toolchain/bin/../lib/gcc/arm-none-eabi/6.3.1/thumb/v6-m\libgcc.a(_divsi3.o)
                0x0000c018                __divsi3
                0x0000c018                __aeabi_idiv
                0x0000c1e4                __aeabi_idivmod
 .text          0x0000c1ec       0x40 c:/program files (x86)/atmel/studio/7.0/toolchain/arm/arm-gnu-toolchain/bin/../lib/gcc/arm-none-eabi/6.3.1/thumb/v6-m\libgcc.a(_aeabi_uldivmod.o)
                0x0000c1ec                __aeabi_uldivmod
 .text          0x0000c22c      0x180 c:/program files (x86)/atmel/studio/7.0/toolchain/arm/arm-gnu-toolchain/bin/../lib/gcc/arm-none-eabi/6.3.1/thumb/v6-m\libgcc.a(_udivmoddi4.o)
                0x0000c22c                __udivmoddi4
 .text          0x0000c3ac       0x18 c:/program files (x86)/atmel/studio/7.0/toolchain/arm/arm-gnu-toolchain/bin/../lib/gcc/arm-none-eabi/6.3.1/thumb/v6-m\libgcc.a(_clzdi2.o)
                0x0000c3ac                __clzdi2
 *(.glue_7t)
 .glue_7t       0x0000c3c4        0x0 linker stubs
 *(.glue_7)
 .glue_7        0x0000c3c4        0x0 linker stubs
 *(.rodata .rodata* .gnu.linkonce.r.*)
 .rodata.initInternalHW.str1.1
                0x0000c3c4       0xac src/wcm.o
 .rodata.read_mc3416.str1.1
                0x0000c470       0x12 src/wcm.o
 .rodata.tc_interrupt_vectors.13876
                0x0000c482        0x3 src/wcm.o
 .rodata.wcm_run.str1.1
                0x0000c485      0x478 src/wcm.o
                                0x480 (size before relaxing)
 .rodata.eeprom_configure.str1.1
                0x0000c8fd      0x150 src/wcm_eeprom.o
 .rodata.eeprom_read_settings.str1.1
                0x0000ca4d       0x2b src/wcm_eeprom.o
 .rodata.eeprom_write_settings.str1.1
                0x0000ca78       0x66 src/wcm_eeprom.o
 .rodata.wcm_i2c_command_read_reg.str1.1
                0x0000cade       0x6c src/wcm_i2c.o
 .rodata.wcm_i2c_command_write_reg.str1.1
                0x0000cb4a       0x2c src/wcm_i2c.o
 .rodata.wcm_i2c_read_response_packet.str1.1
                0x0000cb76       0x2f src/wcm_i2c.o
 .rodata.wcm_i2c_write_command_packet.str1.1
                0x0000cba5       0x2f src/wcm_i2c.o
 .rodata.wcm_i2c_write_command_read_response.str1.1
                0x0000cbd4       0x74 src/wcm_i2c.o
 .rodata.mc3416_check_mode.str1.1
                0x0000cc48       0x45 src/wcm_mc3416.o
 .rodata.mc3416_read_axis.str1.1
                0x0000cc8d       0x28 src/wcm_mc3416.o
 .rodata.mc3416_set_mode.str1.1
                0x0000ccb5       0x3a src/wcm_mc3416.o
 .rodata.mc3416_set_range_resolution.str1.1
                0x0000ccef       0x59 src/wcm_mc3416.o
 .rodata.mc3416_set_sampling_rate.str1.1
                0x0000cd48       0x53 src/wcm_mc3416.o
 .rodata.mc3416_validate_chip.str1.1
                0x0000cd9b       0xb2 src/wcm_mc3416.o
 .rodata.wcm_mc3416_calibrate.str1.1
                0x0000ce4d       0x7c src/wcm_mc3416.o
 .rodata.wcm_mc3416_init.str1.1
                0x0000cec9      0x102 src/wcm_mc3416.o
 .rodata.wcm_mc3416_read_tilt.str1.1
                0x0000cfcb       0x7e src/wcm_mc3416.o
 .rodata.wcm_ms5637_init.str1.1
                0x0000d049       0x90 src/wcm_ms5637.o
 .rodata.wcm_ms5637_read.str1.1
                0x0000d0d9       0xb0 src/wcm_ms5637.o
 .rodata.wcm_spi_configure.str1.1
                0x0000d189       0x10 src/wcm_spi.o
 .rodata.com_usart_configure.str1.1
                0x0000d199       0x16 src/wcm_usart.o
 .rodata.gps_usart_configure.str1.1
                0x0000d1af       0x16 src/wcm_usart.o
 .rodata.pc_usart_configure.str1.1
                0x0000d1c5       0x15 src/wcm_usart.o
 .rodata.wcm_usart_get_pc_command.str1.1
                0x0000d1da      0x10d src/wcm_usart.o
 *fill*         0x0000d2e7        0x1 
 .rodata        0x0000d2e8       0x60 src/ASF/sam0/drivers/adc/adc_sam_l_c/adc.o
 .rodata        0x0000d348       0x24 src/ASF/sam0/drivers/tc/tc_sam_l_c/tc.o
 .rodata        0x0000d36c       0x18 src/ASF/sam0/drivers/sercom/sercom.o
 .rodata        0x0000d384        0xc src/ASF/sam0/services/eeprom/emulator/main_array/eeprom.o
 .rodata.acos.str1.4
                0x0000d390        0x5 c:/program files (x86)/atmel/studio/7.0/toolchain/arm/arm-gnu-toolchain/bin/../lib/gcc/arm-none-eabi/6.3.1/../../../../arm-none-eabi/lib/thumb/v6-m\libm.a(lib_a-w_acos.o)
                                  0x9 (size before relaxing)
 *fill*         0x0000d395        0x3 
 .rodata.sqrt.str1.4
                0x0000d398        0x5 c:/program files (x86)/atmel/studio/7.0/toolchain/arm/arm-gnu-toolchain/bin/../lib/gcc/arm-none-eabi/6.3.1/../../../../arm-none-eabi/lib/thumb/v6-m\libm.a(lib_a-w_sqrt.o)
 *fill*         0x0000d39d        0x3 
 .rodata        0x0000d3a0       0x40 c:/program files (x86)/atmel/studio/7.0/toolchain/arm/arm-gnu-toolchain/bin/../lib/gcc/arm-none-eabi/6.3.1/thumb/v6-m\libgcc.a(divdf3.o)
 .rodata        0x0000d3e0       0x40 c:/program files (x86)/atmel/studio/7.0/toolchain/arm/arm-gnu-toolchain/bin/../lib/gcc/arm-none-eabi/6.3.1/thumb/v6-m\libgcc.a(muldf3.o)
 .rodata._global_impure_ptr
                0x0000d420        0x4 c:/program files (x86)/atmel/studio/7.0/toolchain/arm/arm-gnu-toolchain/bin/../lib/gcc/arm-none-eabi/6.3.1/../../../../arm-none-eabi/lib/thumb/v6-m\libc.a(lib_a-impure.o)
                0x0000d420                _global_impure_ptr
 .rodata._svfprintf_r
                0x0000d424      0x164 c:/program files (x86)/atmel/studio/7.0/toolchain/arm/arm-gnu-toolchain/bin/../lib/gcc/arm-none-eabi/6.3.1/../../../../arm-none-eabi/lib/thumb/v6-m\libc.a(lib_a-svfprintf.o)
 .rodata._svfprintf_r.str1.4
                0x0000d588       0x42 c:/program files (x86)/atmel/studio/7.0/toolchain/arm/arm-gnu-toolchain/bin/../lib/gcc/arm-none-eabi/6.3.1/../../../../arm-none-eabi/lib/thumb/v6-m\libc.a(lib_a-svfprintf.o)
 *fill*         0x0000d5ca        0x2 
 .rodata.blanks.7223
                0x0000d5cc       0x10 c:/program files (x86)/atmel/studio/7.0/toolchain/arm/arm-gnu-toolchain/bin/../lib/gcc/arm-none-eabi/6.3.1/../../../../arm-none-eabi/lib/thumb/v6-m\libc.a(lib_a-svfprintf.o)
 .rodata.zeroes.7224
                0x0000d5dc       0x10 c:/program files (x86)/atmel/studio/7.0/toolchain/arm/arm-gnu-toolchain/bin/../lib/gcc/arm-none-eabi/6.3.1/../../../../arm-none-eabi/lib/thumb/v6-m\libc.a(lib_a-svfprintf.o)
 .rodata._dtoa_r.str1.4
                0x0000d5ec       0x10 c:/program files (x86)/atmel/studio/7.0/toolchain/arm/arm-gnu-toolchain/bin/../lib/gcc/arm-none-eabi/6.3.1/../../../../arm-none-eabi/lib/thumb/v6-m\libc.a(lib_a-dtoa.o)
                                 0x12 (size before relaxing)
 .rodata._setlocale_r.str1.4
                0x0000d5fc        0xa c:/program files (x86)/atmel/studio/7.0/toolchain/arm/arm-gnu-toolchain/bin/../lib/gcc/arm-none-eabi/6.3.1/../../../../arm-none-eabi/lib/thumb/v6-m\libc.a(lib_a-locale.o)
                                  0xd (size before relaxing)
 *fill*         0x0000d606        0x2 
 .rodata.str1.4
                0x0000d608        0x4 c:/program files (x86)/atmel/studio/7.0/toolchain/arm/arm-gnu-toolchain/bin/../lib/gcc/arm-none-eabi/6.3.1/../../../../arm-none-eabi/lib/thumb/v6-m\libc.a(lib_a-locale.o)
                                  0x2 (size before relaxing)
 *fill*         0x0000d60c        0x4 
 .rodata.__mprec_bigtens
                0x0000d610       0x28 c:/program files (x86)/atmel/studio/7.0/toolchain/arm/arm-gnu-toolchain/bin/../lib/gcc/arm-none-eabi/6.3.1/../../../../arm-none-eabi/lib/thumb/v6-m\libc.a(lib_a-mprec.o)
                0x0000d610                __mprec_bigtens
 .rodata.__mprec_tens
                0x0000d638       0xc8 c:/program files (x86)/atmel/studio/7.0/toolchain/arm/arm-gnu-toolchain/bin/../lib/gcc/arm-none-eabi/6.3.1/../../../../arm-none-eabi/lib/thumb/v6-m\libc.a(lib_a-mprec.o)
                0x0000d638                __mprec_tens
 .rodata.p05.6055
                0x0000d700        0xc c:/program files (x86)/atmel/studio/7.0/toolchain/arm/arm-gnu-toolchain/bin/../lib/gcc/arm-none-eabi/6.3.1/../../../../arm-none-eabi/lib/thumb/v6-m\libc.a(lib_a-mprec.o)
 .rodata._ctype_
                0x0000d70c      0x101 c:/program files (x86)/atmel/studio/7.0/toolchain/arm/arm-gnu-toolchain/bin/../lib/gcc/arm-none-eabi/6.3.1/../../../../arm-none-eabi/lib/thumb/v6-m\libc.a(lib_a-ctype_.o)
                0x0000d70c                _ctype_
 *(.ARM.extab* .gnu.linkonce.armextab.*)
                0x0000d810                . = ALIGN (0x4)
 *fill*         0x0000d80d        0x3 
 *(.init)
 .init          0x0000d810        0x4 c:/program files (x86)/atmel/studio/7.0/toolchain/arm/arm-gnu-toolchain/bin/../lib/gcc/arm-none-eabi/6.3.1/thumb/v6-m/crti.o
                0x0000d810                _init
 .init          0x0000d814        0x8 c:/program files (x86)/atmel/studio/7.0/toolchain/arm/arm-gnu-toolchain/bin/../lib/gcc/arm-none-eabi/6.3.1/thumb/v6-m/crtn.o
                0x0000d81c                . = ALIGN (0x4)
                0x0000d81c                __preinit_array_start = .
 *(.preinit_array)
                0x0000d81c                __preinit_array_end = .
                0x0000d81c                . = ALIGN (0x4)
                0x0000d81c                __init_array_start = .
 *(SORT(.init_array.*))
 .init_array.00000
                0x0000d81c        0x4 c:/program files (x86)/atmel/studio/7.0/toolchain/arm/arm-gnu-toolchain/bin/../lib/gcc/arm-none-eabi/6.3.1/../../../../arm-none-eabi/lib/thumb/v6-m\libc.a(lib_a-__call_atexit.o)
 *(.init_array)
 .init_array    0x0000d820        0x4 c:/program files (x86)/atmel/studio/7.0/toolchain/arm/arm-gnu-toolchain/bin/../lib/gcc/arm-none-eabi/6.3.1/thumb/v6-m/crtbegin.o
                0x0000d824                __init_array_end = .
                0x0000d824                . = ALIGN (0x4)
 *crtbegin.o(.ctors)
 *(EXCLUDE_FILE(*crtend.o) .ctors)
 *(SORT(.ctors.*))
 *crtend.o(.ctors)
                0x0000d824                . = ALIGN (0x4)
 *(.fini)
 .fini          0x0000d824        0x4 c:/program files (x86)/atmel/studio/7.0/toolchain/arm/arm-gnu-toolchain/bin/../lib/gcc/arm-none-eabi/6.3.1/thumb/v6-m/crti.o
                0x0000d824                _fini
 .fini          0x0000d828        0x8 c:/program files (x86)/atmel/studio/7.0/toolchain/arm/arm-gnu-toolchain/bin/../lib/gcc/arm-none-eabi/6.3.1/thumb/v6-m/crtn.o
                0x0000d830                . = ALIGN (0x4)
                0x0000d830                __fini_array_start = .
 *(.fini_array)
 .fini_array    0x0000d830        0x4 c:/program files (x86)/atmel/studio/7.0/toolchain/arm/arm-gnu-toolchain/bin/../lib/gcc/arm-none-eabi/6.3.1/thumb/v6-m/crtbegin.o
 *(SORT(.fini_array.*))
                0x0000d834                __fini_array_end = .
 *crtbegin.o(.dtors)
 *(EXCLUDE_FILE(*crtend.o) .dtors)
 *(SORT(.dtors.*))
 *crtend.o(.dtors)
                0x0000d834                . = ALIGN (0x4)
                0x0000d834                _efixed = .
                [!provide]                PROVIDE (__exidx_start, .)

.vfp11_veneer   0x0000d834        0x0
 .vfp11_veneer  0x0000d834        0x0 linker stubs

.v4_bx          0x0000d834        0x0
 .v4_bx         0x0000d834        0x0 linker stubs

.iplt           0x0000d834        0x0
 .iplt          0x0000d834        0x0 c:/program files (x86)/atmel/studio/7.0/toolchain/arm/arm-gnu-toolchain/bin/../lib/gcc/arm-none-eabi/6.3.1/thumb/v6-m/crtbegin.o

.ARM.exidx      0x0000d834        0x8
 *(.ARM.exidx* .gnu.linkonce.armexidx.*)
 .ARM.exidx     0x0000d834        0x8 c:/program files (x86)/atmel/studio/7.0/toolchain/arm/arm-gnu-toolchain/bin/../lib/gcc/arm-none-eabi/6.3.1/thumb/v6-m\libgcc.a(_udivmoddi4.o)
                [!provide]                PROVIDE (__exidx_end, .)

.eh_frame       0x0000d83c        0x0
 .eh_frame      0x0000d83c        0x0 c:/program files (x86)/atmel/studio/7.0/toolchain/arm/arm-gnu-toolchain/bin/../lib/gcc/arm-none-eabi/6.3.1/thumb/v6-m/crtbegin.o

.rel.dyn        0x0000d83c        0x0
 .rel.iplt      0x0000d83c        0x0 c:/program files (x86)/atmel/studio/7.0/toolchain/arm/arm-gnu-toolchain/bin/../lib/gcc/arm-none-eabi/6.3.1/thumb/v6-m/crtbegin.o

.jcr            0x0000d83c        0x0
 .jcr           0x0000d83c        0x0 c:/program files (x86)/atmel/studio/7.0/toolchain/arm/arm-gnu-toolchain/bin/../lib/gcc/arm-none-eabi/6.3.1/thumb/v6-m/crtbegin.o

.igot.plt       0x0000d83c        0x0
 .igot.plt      0x0000d83c        0x0 c:/program files (x86)/atmel/studio/7.0/toolchain/arm/arm-gnu-toolchain/bin/../lib/gcc/arm-none-eabi/6.3.1/thumb/v6-m/crtbegin.o
                0x0000d83c                . = ALIGN (0x4)
                0x0000d83c                _etext = .

.relocate       0x20000000      0x9c0 load address 0x0000d83c
                0x20000000                . = ALIGN (0x4)
                0x20000000                _srelocate = .
 *(.ramfunc .ramfunc.*)
 *(.data .data.*)
 .data.bFirst.13739
                0x20000000        0x1 src/wcm_adc.o
 .data.bFirst.13744
                0x20000001        0x1 src/wcm_adc.o
 .data.bFirst.14142
                0x20000002        0x1 src/wcm_spi.o
 .data.bFirst.13947
                0x20000003        0x1 src/wcm_usart.o
 .data.bFirst.13952
                0x20000004        0x1 src/wcm_usart.o
 .data.bFirst.13957
                0x20000005        0x1 src/wcm_usart.o
 *fill*         0x20000006        0x2 
 .data.cycles_per_ms
                0x20000008        0x4 src/ASF/common2/services/delay/sam0/systick_counter.o
 .data.cycles_per_us
                0x2000000c        0x4 src/ASF/common2/services/delay/sam0/systick_counter.o
 .data.g_interrupt_enabled
                0x20000010        0x1 src/ASF/common/utils/interrupt/interrupt_sam_nvic.o
                0x20000010                g_interrupt_enabled
 .data.__fdlib_version
                0x20000011        0x1 c:/program files (x86)/atmel/studio/7.0/toolchain/arm/arm-gnu-toolchain/bin/../lib/gcc/arm-none-eabi/6.3.1/../../../../arm-none-eabi/lib/thumb/v6-m\libm.a(lib_a-s_lib_ver.o)
                0x20000011                __fdlib_version
 *fill*         0x20000012        0x2 
 .data._impure_ptr
                0x20000014        0x4 c:/program files (x86)/atmel/studio/7.0/toolchain/arm/arm-gnu-toolchain/bin/../lib/gcc/arm-none-eabi/6.3.1/../../../../arm-none-eabi/lib/thumb/v6-m\libc.a(lib_a-impure.o)
                0x20000014                _impure_ptr
 .data.impure_data
                0x20000018      0x428 c:/program files (x86)/atmel/studio/7.0/toolchain/arm/arm-gnu-toolchain/bin/../lib/gcc/arm-none-eabi/6.3.1/../../../../arm-none-eabi/lib/thumb/v6-m\libc.a(lib_a-impure.o)
 .data.__atexit_recursive_mutex
                0x20000440        0x4 c:/program files (x86)/atmel/studio/7.0/toolchain/arm/arm-gnu-toolchain/bin/../lib/gcc/arm-none-eabi/6.3.1/../../../../arm-none-eabi/lib/thumb/v6-m\libc.a(lib_a-__call_atexit.o)
                0x20000440                __atexit_recursive_mutex
 .data.__global_locale
                0x20000444      0x16c c:/program files (x86)/atmel/studio/7.0/toolchain/arm/arm-gnu-toolchain/bin/../lib/gcc/arm-none-eabi/6.3.1/../../../../arm-none-eabi/lib/thumb/v6-m\libc.a(lib_a-locale.o)
                0x20000444                __global_locale
 .data.__malloc_av_
                0x200005b0      0x408 c:/program files (x86)/atmel/studio/7.0/toolchain/arm/arm-gnu-toolchain/bin/../lib/gcc/arm-none-eabi/6.3.1/../../../../arm-none-eabi/lib/thumb/v6-m\libc.a(lib_a-mallocr.o)
                0x200005b0                __malloc_av_
 .data.__malloc_sbrk_base
                0x200009b8        0x4 c:/program files (x86)/atmel/studio/7.0/toolchain/arm/arm-gnu-toolchain/bin/../lib/gcc/arm-none-eabi/6.3.1/../../../../arm-none-eabi/lib/thumb/v6-m\libc.a(lib_a-mallocr.o)
                0x200009b8                __malloc_sbrk_base
 .data.__malloc_trim_threshold
                0x200009bc        0x4 c:/program files (x86)/atmel/studio/7.0/toolchain/arm/arm-gnu-toolchain/bin/../lib/gcc/arm-none-eabi/6.3.1/../../../../arm-none-eabi/lib/thumb/v6-m\libc.a(lib_a-mallocr.o)
                0x200009bc                __malloc_trim_threshold
                0x200009c0                . = ALIGN (0x4)
                0x200009c0                _erelocate = .

.lpram          0x30000000        0x0
                0x30000000                . = ALIGN (0x8)
                0x30000000                _slpram = .
 *(.lpram .lpram.*)
                0x30000000                . = ALIGN (0x8)
                0x30000000                _elpram = .

.bss            0x200009c0      0x358 load address 0x0000e200
                0x200009c0                . = ALIGN (0x4)
                0x200009c0                _sbss = .
                0x200009c0                _szero = .
 *(.bss .bss.*)
 .bss           0x200009c0       0x1c c:/program files (x86)/atmel/studio/7.0/toolchain/arm/arm-gnu-toolchain/bin/../lib/gcc/arm-none-eabi/6.3.1/thumb/v6-m/crtbegin.o
 .bss.bSPIInitialized
                0x200009dc        0x1 src/wcm.o
 .bss.cell_pwr_en.13948
                0x200009dd        0x1 src/wcm.o
 .bss.com_sw_a.13952
                0x200009de        0x1 src/wcm.o
 .bss.gps_pwr_en.13947
                0x200009df        0x1 src/wcm.o
 .bss.last_command.13942
                0x200009e0       0x10 src/wcm.o
 .bss.lgt_on.13949
                0x200009f0        0x1 src/wcm.o
 *fill*         0x200009f1        0x7 
 .bss.ms5637_temperature.13955
                0x200009f8        0x8 src/wcm.o
 .bss.num_sent.13943
                0x20000a00        0x1 src/wcm.o
 .bss.sat_pwr_en.13950
                0x20000a01        0x1 src/wcm.o
 .bss.timer_0_elapsed
                0x20000a02        0x1 src/wcm.o
 .bss.wf_pwr_en.13951
                0x20000a03        0x1 src/wcm.o
 .bss.adc_module_struct
                0x20000a04        0x8 src/wcm_adc.o
 .bss.battery_adc_module_struct
                0x20000a0c        0x8 src/wcm_adc.o
 .bss.eeprom_data
                0x20000a14        0x6 src/wcm_eeprom.o
 .bss.port_config_struct
                0x20000a1a        0x3 src/wcm_gpio.o
 .bss.system_pinmux_config_struct
                0x20000a1d        0x4 src/wcm_gpio.o
 *fill*         0x20000a21        0x3 
 .bss.i2c_master_module_struct
                0x20000a24        0xc src/wcm_i2c.o
 .bss.packet    0x20000a30        0xc src/wcm_i2c.o
 .bss.read_buffer
                0x20000a3c        0x4 src/wcm_i2c.o
 .bss.x2        0x20000a40        0x8 src/wcm_mc3416.o
 .bss.x_offset  0x20000a48        0x2 src/wcm_mc3416.o
 *fill*         0x20000a4a        0x6 
 .bss.xg        0x20000a50        0x8 src/wcm_mc3416.o
 .bss.xout      0x20000a58        0x2 src/wcm_mc3416.o
 *fill*         0x20000a5a        0x6 
 .bss.y2        0x20000a60        0x8 src/wcm_mc3416.o
 .bss.y_offset  0x20000a68        0x2 src/wcm_mc3416.o
 *fill*         0x20000a6a        0x6 
 .bss.yg        0x20000a70        0x8 src/wcm_mc3416.o
 .bss.yout      0x20000a78        0x2 src/wcm_mc3416.o
 *fill*         0x20000a7a        0x6 
 .bss.z2        0x20000a80        0x8 src/wcm_mc3416.o
 .bss.z_offset  0x20000a88        0x2 src/wcm_mc3416.o
 *fill*         0x20000a8a        0x6 
 .bss.zg        0x20000a90        0x8 src/wcm_mc3416.o
 .bss.zout      0x20000a98        0x2 src/wcm_mc3416.o
 .bss.c         0x20000a9a        0xe src/wcm_ms5637.o
 .bss.d1        0x20000aa8        0x4 src/wcm_ms5637.o
 .bss.d2        0x20000aac        0x4 src/wcm_ms5637.o
 .bss.spi_module_struct
                0x20000ab0       0x3c src/wcm_spi.o
 .bss.transfer_complete
                0x20000aec        0x1 src/wcm_spi.o
                0x20000aec                transfer_complete
 *fill*         0x20000aed        0x3 
 .bss.com_usart_hw
                0x20000af0        0x4 src/wcm_usart.o
 .bss.com_usart_module_struct
                0x20000af4        0xc src/wcm_usart.o
 .bss.gps_usart_hw
                0x20000b00        0x4 src/wcm_usart.o
 .bss.gps_usart_module_struct
                0x20000b04        0xc src/wcm_usart.o
 .bss.pc_usart_hw
                0x20000b10        0x4 src/wcm_usart.o
 .bss.pc_usart_module_struct
                0x20000b14        0xc src/wcm_usart.o
 .bss._sercom_config
                0x20000b20        0x2 src/ASF/sam0/drivers/sercom/sercom.o
 .bss._handler_table_initialized
                0x20000b22        0x1 src/ASF/sam0/drivers/sercom/sercom_interrupt.o
 *fill*         0x20000b23        0x1 
 .bss._sercom_interrupt_handlers
                0x20000b24       0x18 src/ASF/sam0/drivers/sercom/sercom_interrupt.o
 .bss._nvm_dev  0x20000b3c        0x6 src/ASF/sam0/drivers/nvm/nvm.o
 *fill*         0x20000b42        0x2 
 .bss._eeprom_instance
                0x20000b44       0xcc src/ASF/sam0/services/eeprom/emulator/main_array/eeprom.o
 .bss.cpu_irq_critical_section_counter
                0x20000c10        0x4 src/ASF/common/utils/interrupt/interrupt_sam_nvic.o
 .bss.cpu_irq_prev_interrupt_state
                0x20000c14        0x1 src/ASF/common/utils/interrupt/interrupt_sam_nvic.o
 *fill*         0x20000c15        0x3 
 .bss._system_clock_inst
                0x20000c18       0x18 src/ASF/sam0/drivers/system/clock/clock_saml21/clock.o
 .bss.heap.5296
                0x20000c30        0x4 src/ASF/sam0/utils/syscalls/gcc/syscalls.o
 .bss.__malloc_current_mallinfo
                0x20000c34       0x28 c:/program files (x86)/atmel/studio/7.0/toolchain/arm/arm-gnu-toolchain/bin/../lib/gcc/arm-none-eabi/6.3.1/../../../../arm-none-eabi/lib/thumb/v6-m\libc.a(lib_a-mallocr.o)
                0x20000c34                __malloc_current_mallinfo
 .bss.__malloc_max_sbrked_mem
                0x20000c5c        0x4 c:/program files (x86)/atmel/studio/7.0/toolchain/arm/arm-gnu-toolchain/bin/../lib/gcc/arm-none-eabi/6.3.1/../../../../arm-none-eabi/lib/thumb/v6-m\libc.a(lib_a-mallocr.o)
                0x20000c5c                __malloc_max_sbrked_mem
 .bss.__malloc_max_total_mem
                0x20000c60        0x4 c:/program files (x86)/atmel/studio/7.0/toolchain/arm/arm-gnu-toolchain/bin/../lib/gcc/arm-none-eabi/6.3.1/../../../../arm-none-eabi/lib/thumb/v6-m\libc.a(lib_a-mallocr.o)
                0x20000c60                __malloc_max_total_mem
 .bss.__malloc_top_pad
                0x20000c64        0x4 c:/program files (x86)/atmel/studio/7.0/toolchain/arm/arm-gnu-toolchain/bin/../lib/gcc/arm-none-eabi/6.3.1/../../../../arm-none-eabi/lib/thumb/v6-m\libc.a(lib_a-mallocr.o)
                0x20000c64                __malloc_top_pad
 *(COMMON)
 COMMON         0x20000c68       0x1c src/wcm.o
                0x20000c68                tc_instance
 COMMON         0x20000c84       0x40 src/ASF/sam0/drivers/extint/extint_sam_l_c/extint.o
                0x20000c84                _extint_dev
 COMMON         0x20000cc4        0xc src/ASF/sam0/drivers/tc/tc_interrupt.o
                0x20000cc4                _tc_instances
 COMMON         0x20000cd0        0x2 src/ASF/sam0/drivers/sercom/spi/spi_interrupt.o
                0x20000cd0                dummy_write
 *fill*         0x20000cd2        0x2 
 COMMON         0x20000cd4       0x18 src/ASF/sam0/drivers/sercom/sercom_interrupt.o
                0x20000cd4                _sercom_instances
 COMMON         0x20000cec        0x1 src/ASF/sam0/drivers/extint/extint_callback.o
                0x20000cec                _current_channel
 *fill*         0x20000ced        0x3 
 COMMON         0x20000cf0       0x21 c:/program files (x86)/atmel/studio/7.0/toolchain/arm/arm-gnu-toolchain/bin/../lib/gcc/arm-none-eabi/6.3.1/../../../../arm-none-eabi/lib/thumb/v6-m\libc.a(lib_a-lock.o)
                0x20000cf0                __lock___atexit_recursive_mutex
                0x20000cf4                __lock___arc4random_mutex
                0x20000cf8                __lock___env_recursive_mutex
                0x20000cfc                __lock___sinit_recursive_mutex
                0x20000d00                __lock___malloc_recursive_mutex
                0x20000d04                __lock___at_quick_exit_mutex
                0x20000d08                __lock___dd_hash_mutex
                0x20000d0c                __lock___tz_mutex
                0x20000d10                __lock___sfp_recursive_mutex
 *fill*         0x20000d11        0x3 
 COMMON         0x20000d14        0x4 c:/program files (x86)/atmel/studio/7.0/toolchain/arm/arm-gnu-toolchain/bin/../lib/gcc/arm-none-eabi/6.3.1/../../../../arm-none-eabi/lib/thumb/v6-m\libc.a(lib_a-reent.o)
                0x20000d14                errno
                0x20000d18                . = ALIGN (0x4)
                0x20000d18                _ebss = .
                0x20000d18                _ezero = .

.stack          0x20000d18     0x1000 load address 0x0000e558
                0x20000d18                . = ALIGN (0x8)
                0x20000d18                _sstack = .
                0x20001d18                . = (. + STACK_SIZE)
 *fill*         0x20000d18     0x1000 
                0x20001d18                . = ALIGN (0x8)
                0x20001d18                _estack = .
                0x20001d18                . = ALIGN (0x4)
                0x20001d18                _end = .
OUTPUT(wcm_firmware.elf elf32-littlearm)

.ARM.attributes
                0x00000000       0x28
 .ARM.attributes
                0x00000000       0x1e c:/program files (x86)/atmel/studio/7.0/toolchain/arm/arm-gnu-toolchain/bin/../lib/gcc/arm-none-eabi/6.3.1/thumb/v6-m/crti.o
 .ARM.attributes
                0x0000001e       0x2c c:/program files (x86)/atmel/studio/7.0/toolchain/arm/arm-gnu-toolchain/bin/../lib/gcc/arm-none-eabi/6.3.1/thumb/v6-m/crtbegin.o
 .ARM.attributes
                0x0000004a       0x32 src/wcm.o
 .ARM.attributes
                0x0000007c       0x32 src/wcm_adc.o
 .ARM.attributes
                0x000000ae       0x32 src/wcm_clocks.o
 .ARM.attributes
                0x000000e0       0x32 src/wcm_eeprom.o
 .ARM.attributes
                0x00000112       0x32 src/wcm_gpio.o
 .ARM.attributes
                0x00000144       0x32 src/wcm_i2c.o
 .ARM.attributes
                0x00000176       0x32 src/wcm_mc3416.o
 .ARM.attributes
                0x000001a8       0x32 src/wcm_ms5637.o
 .ARM.attributes
                0x000001da       0x32 src/wcm_power.o
 .ARM.attributes
                0x0000020c       0x32 src/wcm_spi.o
 .ARM.attributes
                0x0000023e       0x32 src/wcm_usart.o
 .ARM.attributes
                0x00000270       0x32 src/ASF/sam0/drivers/adc/adc_sam_l_c/adc.o
 .ARM.attributes
                0x000002a2       0x32 src/ASF/sam0/drivers/extint/extint_sam_l_c/extint.o
 .ARM.attributes
                0x000002d4       0x32 src/ASF/sam0/drivers/sercom/i2c/i2c_sam0/i2c_master.o
 .ARM.attributes
                0x00000306       0x32 src/ASF/sam0/drivers/tc/tc_sam_l_c/tc.o
 .ARM.attributes
                0x00000338       0x32 src/main.o
 .ARM.attributes
                0x0000036a       0x32 src/ASF/sam0/drivers/tc/tc_interrupt.o
 .ARM.attributes
                0x0000039c       0x32 src/ASF/sam0/drivers/sercom/usart/usart.o
 .ARM.attributes
                0x000003ce       0x32 src/ASF/sam0/drivers/sercom/spi/spi.o
 .ARM.attributes
                0x00000400       0x32 src/ASF/sam0/drivers/sercom/spi/spi_interrupt.o
 .ARM.attributes
                0x00000432       0x32 src/ASF/sam0/drivers/sercom/sercom.o
 .ARM.attributes
                0x00000464       0x32 src/ASF/sam0/drivers/sercom/sercom_interrupt.o
 .ARM.attributes
                0x00000496       0x32 src/ASF/sam0/drivers/extint/extint_callback.o
 .ARM.attributes
                0x000004c8       0x32 src/ASF/common2/services/delay/sam0/systick_counter.o
 .ARM.attributes
                0x000004fa       0x32 src/ASF/sam0/drivers/nvm/nvm.o
 .ARM.attributes
                0x0000052c       0x32 src/ASF/sam0/drivers/port/port.o
 .ARM.attributes
                0x0000055e       0x32 src/ASF/sam0/services/eeprom/emulator/main_array/eeprom.o
 .ARM.attributes
                0x00000590       0x32 src/ASF/common2/boards/user_board/init.o
 .ARM.attributes
                0x000005c2       0x32 src/ASF/common/utils/interrupt/interrupt_sam_nvic.o
 .ARM.attributes
                0x000005f4       0x32 src/ASF/sam0/drivers/system/clock/clock_saml21/clock.o
 .ARM.attributes
                0x00000626       0x32 src/ASF/sam0/drivers/system/clock/clock_saml21/gclk.o
 .ARM.attributes
                0x00000658       0x32 src/ASF/sam0/drivers/system/pinmux/pinmux.o
 .ARM.attributes
                0x0000068a       0x32 src/ASF/sam0/drivers/system/system.o
 .ARM.attributes
                0x000006bc       0x32 src/ASF/sam0/utils/cmsis/saml21/source/gcc/startup_saml21.o
 .ARM.attributes
                0x000006ee       0x32 src/ASF/sam0/utils/syscalls/gcc/syscalls.o
 .ARM.attributes
                0x00000720       0x2c c:/program files (x86)/atmel/studio/7.0/toolchain/arm/arm-gnu-toolchain/bin/../lib/gcc/arm-none-eabi/6.3.1/../../../../arm-none-eabi/lib/thumb/v6-m\libm.a(lib_a-w_acos.o)
 .ARM.attributes
                0x0000074c       0x2c c:/program files (x86)/atmel/studio/7.0/toolchain/arm/arm-gnu-toolchain/bin/../lib/gcc/arm-none-eabi/6.3.1/../../../../arm-none-eabi/lib/thumb/v6-m\libm.a(lib_a-w_sqrt.o)
 .ARM.attributes
                0x00000778       0x2c c:/program files (x86)/atmel/studio/7.0/toolchain/arm/arm-gnu-toolchain/bin/../lib/gcc/arm-none-eabi/6.3.1/../../../../arm-none-eabi/lib/thumb/v6-m\libm.a(lib_a-e_acos.o)
 .ARM.attributes
                0x000007a4       0x2c c:/program files (x86)/atmel/studio/7.0/toolchain/arm/arm-gnu-toolchain/bin/../lib/gcc/arm-none-eabi/6.3.1/../../../../arm-none-eabi/lib/thumb/v6-m\libm.a(lib_a-e_sqrt.o)
 .ARM.attributes
                0x000007d0       0x2c c:/program files (x86)/atmel/studio/7.0/toolchain/arm/arm-gnu-toolchain/bin/../lib/gcc/arm-none-eabi/6.3.1/../../../../arm-none-eabi/lib/thumb/v6-m\libm.a(lib_a-s_fabs.o)
 .ARM.attributes
                0x000007fc       0x2c c:/program files (x86)/atmel/studio/7.0/toolchain/arm/arm-gnu-toolchain/bin/../lib/gcc/arm-none-eabi/6.3.1/../../../../arm-none-eabi/lib/thumb/v6-m\libm.a(lib_a-s_lib_ver.o)
 .ARM.attributes
                0x00000828       0x2c c:/program files (x86)/atmel/studio/7.0/toolchain/arm/arm-gnu-toolchain/bin/../lib/gcc/arm-none-eabi/6.3.1/../../../../arm-none-eabi/lib/thumb/v6-m\libm.a(lib_a-s_matherr.o)
 .ARM.attributes
                0x00000854       0x2c c:/program files (x86)/atmel/studio/7.0/toolchain/arm/arm-gnu-toolchain/bin/../lib/gcc/arm-none-eabi/6.3.1/../../../../arm-none-eabi/lib/thumb/v6-m\libm.a(lib_a-s_nan.o)
 .ARM.attributes
                0x00000880       0x1e c:/program files (x86)/atmel/studio/7.0/toolchain/arm/arm-gnu-toolchain/bin/../lib/gcc/arm-none-eabi/6.3.1/thumb/v6-m\libgcc.a(_thumb1_case_uqi.o)
 .ARM.attributes
                0x0000089e       0x1e c:/program files (x86)/atmel/studio/7.0/toolchain/arm/arm-gnu-toolchain/bin/../lib/gcc/arm-none-eabi/6.3.1/thumb/v6-m\libgcc.a(_udivsi3.o)
 .ARM.attributes
                0x000008bc       0x1e c:/program files (x86)/atmel/studio/7.0/toolchain/arm/arm-gnu-toolchain/bin/../lib/gcc/arm-none-eabi/6.3.1/thumb/v6-m\libgcc.a(_dvmd_tls.o)
 .ARM.attributes
                0x000008da       0x1e c:/program files (x86)/atmel/studio/7.0/toolchain/arm/arm-gnu-toolchain/bin/../lib/gcc/arm-none-eabi/6.3.1/thumb/v6-m\libgcc.a(_ashldi3.o)
 .ARM.attributes
                0x000008f8       0x1e c:/program files (x86)/atmel/studio/7.0/toolchain/arm/arm-gnu-toolchain/bin/../lib/gcc/arm-none-eabi/6.3.1/thumb/v6-m\libgcc.a(_arm_cmpdf2.o)
 .ARM.attributes
                0x00000916       0x2c c:/program files (x86)/atmel/studio/7.0/toolchain/arm/arm-gnu-toolchain/bin/../lib/gcc/arm-none-eabi/6.3.1/thumb/v6-m\libgcc.a(_muldi3.o)
 .ARM.attributes
                0x00000942       0x2c c:/program files (x86)/atmel/studio/7.0/toolchain/arm/arm-gnu-toolchain/bin/../lib/gcc/arm-none-eabi/6.3.1/thumb/v6-m\libgcc.a(floatunsisf.o)
 .ARM.attributes
                0x0000096e       0x2c c:/program files (x86)/atmel/studio/7.0/toolchain/arm/arm-gnu-toolchain/bin/../lib/gcc/arm-none-eabi/6.3.1/thumb/v6-m\libgcc.a(adddf3.o)
 .ARM.attributes
                0x0000099a       0x2c c:/program files (x86)/atmel/studio/7.0/toolchain/arm/arm-gnu-toolchain/bin/../lib/gcc/arm-none-eabi/6.3.1/thumb/v6-m\libgcc.a(divdf3.o)
 .ARM.attributes
                0x000009c6       0x2c c:/program files (x86)/atmel/studio/7.0/toolchain/arm/arm-gnu-toolchain/bin/../lib/gcc/arm-none-eabi/6.3.1/thumb/v6-m\libgcc.a(eqdf2.o)
 .ARM.attributes
                0x000009f2       0x2c c:/program files (x86)/atmel/studio/7.0/toolchain/arm/arm-gnu-toolchain/bin/../lib/gcc/arm-none-eabi/6.3.1/thumb/v6-m\libgcc.a(gedf2.o)
 .ARM.attributes
                0x00000a1e       0x2c c:/program files (x86)/atmel/studio/7.0/toolchain/arm/arm-gnu-toolchain/bin/../lib/gcc/arm-none-eabi/6.3.1/thumb/v6-m\libgcc.a(ledf2.o)
 .ARM.attributes
                0x00000a4a       0x2c c:/program files (x86)/atmel/studio/7.0/toolchain/arm/arm-gnu-toolchain/bin/../lib/gcc/arm-none-eabi/6.3.1/thumb/v6-m\libgcc.a(muldf3.o)
 .ARM.attributes
                0x00000a76       0x2c c:/program files (x86)/atmel/studio/7.0/toolchain/arm/arm-gnu-toolchain/bin/../lib/gcc/arm-none-eabi/6.3.1/thumb/v6-m\libgcc.a(subdf3.o)
 .ARM.attributes
                0x00000aa2       0x2c c:/program files (x86)/atmel/studio/7.0/toolchain/arm/arm-gnu-toolchain/bin/../lib/gcc/arm-none-eabi/6.3.1/thumb/v6-m\libgcc.a(unorddf2.o)
 .ARM.attributes
                0x00000ace       0x2c c:/program files (x86)/atmel/studio/7.0/toolchain/arm/arm-gnu-toolchain/bin/../lib/gcc/arm-none-eabi/6.3.1/thumb/v6-m\libgcc.a(fixdfsi.o)
 .ARM.attributes
                0x00000afa       0x2c c:/program files (x86)/atmel/studio/7.0/toolchain/arm/arm-gnu-toolchain/bin/../lib/gcc/arm-none-eabi/6.3.1/thumb/v6-m\libgcc.a(floatsidf.o)
 .ARM.attributes
                0x00000b26       0x2c c:/program files (x86)/atmel/studio/7.0/toolchain/arm/arm-gnu-toolchain/bin/../lib/gcc/arm-none-eabi/6.3.1/thumb/v6-m\libgcc.a(floatunsidf.o)
 .ARM.attributes
                0x00000b52       0x2c c:/program files (x86)/atmel/studio/7.0/toolchain/arm/arm-gnu-toolchain/bin/../lib/gcc/arm-none-eabi/6.3.1/thumb/v6-m\libgcc.a(extendsfdf2.o)
 .ARM.attributes
                0x00000b7e       0x2c c:/program files (x86)/atmel/studio/7.0/toolchain/arm/arm-gnu-toolchain/bin/../lib/gcc/arm-none-eabi/6.3.1/thumb/v6-m\libgcc.a(truncdfsf2.o)
 .ARM.attributes
                0x00000baa       0x1e c:/program files (x86)/atmel/studio/7.0/toolchain/arm/arm-gnu-toolchain/bin/../lib/gcc/arm-none-eabi/6.3.1/thumb/v6-m\libgcc.a(_clzsi2.o)
 .ARM.attributes
                0x00000bc8       0x2c c:/program files (x86)/atmel/studio/7.0/toolchain/arm/arm-gnu-toolchain/bin/../lib/gcc/arm-none-eabi/6.3.1/../../../../arm-none-eabi/lib/thumb/v6-m\libc.a(lib_a-atoi.o)
 .ARM.attributes
                0x00000bf4       0x2c c:/program files (x86)/atmel/studio/7.0/toolchain/arm/arm-gnu-toolchain/bin/../lib/gcc/arm-none-eabi/6.3.1/../../../../arm-none-eabi/lib/thumb/v6-m\libc.a(lib_a-errno.o)
 .ARM.attributes
                0x00000c20       0x2c c:/program files (x86)/atmel/studio/7.0/toolchain/arm/arm-gnu-toolchain/bin/../lib/gcc/arm-none-eabi/6.3.1/../../../../arm-none-eabi/lib/thumb/v6-m\libc.a(lib_a-impure.o)
 .ARM.attributes
                0x00000c4c       0x2c c:/program files (x86)/atmel/studio/7.0/toolchain/arm/arm-gnu-toolchain/bin/../lib/gcc/arm-none-eabi/6.3.1/../../../../arm-none-eabi/lib/thumb/v6-m\libc.a(lib_a-init.o)
 .ARM.attributes
                0x00000c78       0x2c c:/program files (x86)/atmel/studio/7.0/toolchain/arm/arm-gnu-toolchain/bin/../lib/gcc/arm-none-eabi/6.3.1/../../../../arm-none-eabi/lib/thumb/v6-m\libc.a(lib_a-memcpy-stub.o)
 .ARM.attributes
                0x00000ca4       0x2c c:/program files (x86)/atmel/studio/7.0/toolchain/arm/arm-gnu-toolchain/bin/../lib/gcc/arm-none-eabi/6.3.1/../../../../arm-none-eabi/lib/thumb/v6-m\libc.a(lib_a-memset.o)
 .ARM.attributes
                0x00000cd0       0x2c c:/program files (x86)/atmel/studio/7.0/toolchain/arm/arm-gnu-toolchain/bin/../lib/gcc/arm-none-eabi/6.3.1/../../../../arm-none-eabi/lib/thumb/v6-m\libc.a(lib_a-sprintf.o)
 .ARM.attributes
                0x00000cfc       0x2c c:/program files (x86)/atmel/studio/7.0/toolchain/arm/arm-gnu-toolchain/bin/../lib/gcc/arm-none-eabi/6.3.1/../../../../arm-none-eabi/lib/thumb/v6-m\libc.a(lib_a-strcpy.o)
 .ARM.attributes
                0x00000d28       0x2c c:/program files (x86)/atmel/studio/7.0/toolchain/arm/arm-gnu-toolchain/bin/../lib/gcc/arm-none-eabi/6.3.1/../../../../arm-none-eabi/lib/thumb/v6-m\libc.a(lib_a-strlen-stub.o)
 .ARM.attributes
                0x00000d54       0x2c c:/program files (x86)/atmel/studio/7.0/toolchain/arm/arm-gnu-toolchain/bin/../lib/gcc/arm-none-eabi/6.3.1/../../../../arm-none-eabi/lib/thumb/v6-m\libc.a(lib_a-strstr.o)
 .ARM.attributes
                0x00000d80       0x2c c:/program files (x86)/atmel/studio/7.0/toolchain/arm/arm-gnu-toolchain/bin/../lib/gcc/arm-none-eabi/6.3.1/../../../../arm-none-eabi/lib/thumb/v6-m\libc.a(lib_a-strtok.o)
 .ARM.attributes
                0x00000dac       0x2c c:/program files (x86)/atmel/studio/7.0/toolchain/arm/arm-gnu-toolchain/bin/../lib/gcc/arm-none-eabi/6.3.1/../../../../arm-none-eabi/lib/thumb/v6-m\libc.a(lib_a-strtok_r.o)
 .ARM.attributes
                0x00000dd8       0x2c c:/program files (x86)/atmel/studio/7.0/toolchain/arm/arm-gnu-toolchain/bin/../lib/gcc/arm-none-eabi/6.3.1/../../../../arm-none-eabi/lib/thumb/v6-m\libc.a(lib_a-strtol.o)
 .ARM.attributes
                0x00000e04       0x2c c:/program files (x86)/atmel/studio/7.0/toolchain/arm/arm-gnu-toolchain/bin/../lib/gcc/arm-none-eabi/6.3.1/../../../../arm-none-eabi/lib/thumb/v6-m\libc.a(lib_a-svfprintf.o)
 .ARM.attributes
                0x00000e30       0x2c c:/program files (x86)/atmel/studio/7.0/toolchain/arm/arm-gnu-toolchain/bin/../lib/gcc/arm-none-eabi/6.3.1/../../../../arm-none-eabi/lib/thumb/v6-m\libc.a(lib_a-__call_atexit.o)
 .ARM.attributes
                0x00000e5c       0x2c c:/program files (x86)/atmel/studio/7.0/toolchain/arm/arm-gnu-toolchain/bin/../lib/gcc/arm-none-eabi/6.3.1/../../../../arm-none-eabi/lib/thumb/v6-m\libc.a(lib_a-atexit.o)
 .ARM.attributes
                0x00000e88       0x2c c:/program files (x86)/atmel/studio/7.0/toolchain/arm/arm-gnu-toolchain/bin/../lib/gcc/arm-none-eabi/6.3.1/../../../../arm-none-eabi/lib/thumb/v6-m\libc.a(lib_a-dtoa.o)
 .ARM.attributes
                0x00000eb4       0x2c c:/program files (x86)/atmel/studio/7.0/toolchain/arm/arm-gnu-toolchain/bin/../lib/gcc/arm-none-eabi/6.3.1/../../../../arm-none-eabi/lib/thumb/v6-m\libc.a(lib_a-fini.o)
 .ARM.attributes
                0x00000ee0       0x2c c:/program files (x86)/atmel/studio/7.0/toolchain/arm/arm-gnu-toolchain/bin/../lib/gcc/arm-none-eabi/6.3.1/../../../../arm-none-eabi/lib/thumb/v6-m\libc.a(lib_a-locale.o)
 .ARM.attributes
                0x00000f0c       0x2c c:/program files (x86)/atmel/studio/7.0/toolchain/arm/arm-gnu-toolchain/bin/../lib/gcc/arm-none-eabi/6.3.1/../../../../arm-none-eabi/lib/thumb/v6-m\libc.a(lib_a-localeconv.o)
 .ARM.attributes
                0x00000f38       0x2c c:/program files (x86)/atmel/studio/7.0/toolchain/arm/arm-gnu-toolchain/bin/../lib/gcc/arm-none-eabi/6.3.1/../../../../arm-none-eabi/lib/thumb/v6-m\libc.a(lib_a-lock.o)
 .ARM.attributes
                0x00000f64       0x2c c:/program files (x86)/atmel/studio/7.0/toolchain/arm/arm-gnu-toolchain/bin/../lib/gcc/arm-none-eabi/6.3.1/../../../../arm-none-eabi/lib/thumb/v6-m\libc.a(lib_a-mallocr.o)
 .ARM.attributes
                0x00000f90       0x2c c:/program files (x86)/atmel/studio/7.0/toolchain/arm/arm-gnu-toolchain/bin/../lib/gcc/arm-none-eabi/6.3.1/../../../../arm-none-eabi/lib/thumb/v6-m\libc.a(lib_a-mbtowc_r.o)
 .ARM.attributes
                0x00000fbc       0x2c c:/program files (x86)/atmel/studio/7.0/toolchain/arm/arm-gnu-toolchain/bin/../lib/gcc/arm-none-eabi/6.3.1/../../../../arm-none-eabi/lib/thumb/v6-m\libc.a(lib_a-memchr-stub.o)
 .ARM.attributes
                0x00000fe8       0x2c c:/program files (x86)/atmel/studio/7.0/toolchain/arm/arm-gnu-toolchain/bin/../lib/gcc/arm-none-eabi/6.3.1/../../../../arm-none-eabi/lib/thumb/v6-m\libc.a(lib_a-memcmp.o)
 .ARM.attributes
                0x00001014       0x2c c:/program files (x86)/atmel/studio/7.0/toolchain/arm/arm-gnu-toolchain/bin/../lib/gcc/arm-none-eabi/6.3.1/../../../../arm-none-eabi/lib/thumb/v6-m\libc.a(lib_a-mlock.o)
 .ARM.attributes
                0x00001040       0x2c c:/program files (x86)/atmel/studio/7.0/toolchain/arm/arm-gnu-toolchain/bin/../lib/gcc/arm-none-eabi/6.3.1/../../../../arm-none-eabi/lib/thumb/v6-m\libc.a(lib_a-mprec.o)
 .ARM.attributes